Product: MDK-ARM Professional 5.10
Component: ARM Compiler 5.04 update 1 (build 49)
Tool: armlink [5040049]

==============================================================================

Section Cross References

    main.o(.text) refers to _printf_pad.o(.text) for _printf_pre_padding
    main.o(.text) refers to _printf_percent.o(.ARM.Collect$$_printf_percent$$00000000) for _printf_percent
    main.o(.text) refers to _printf_d.o(.ARM.Collect$$_printf_percent$$00000009) for _printf_d
    main.o(.text) refers to _printf_f.o(.ARM.Collect$$_printf_percent$$00000003) for _printf_f
    main.o(.text) refers to _printf_dec.o(.text) for _printf_int_dec
    main.o(.text) refers to printf1.o(x$fpl$printf1) for _printf_fp_dec
    main.o(.text) refers to delay.o(.text) for delay_init
    main.o(.text) refers to usart.o(.text) for uart_init
    main.o(.text) refers to timer.o(.text) for TIM3_Int_Init
    main.o(.text) refers to exti.o(.text) for EXTIX_Init
    main.o(.text) refers to led.o(.text) for LED_Init
    main.o(.text) refers to key.o(.text) for KEY_Init
    main.o(.text) refers to lcd1602.o(.text) for Lcd_GPIO_init
    main.o(.text) refers to adxl345.o(.text) for Init_ADXL345
    main.o(.text) refers to frleqf.o(x$fpl$frleqf) for __aeabi_cfrcmple
    main.o(.text) refers to fleqf.o(x$fpl$fleqf) for __aeabi_cfcmple
    main.o(.text) refers to ds18b20.o(.text) for DS18B20_Get_Temp
    main.o(.text) refers to fflt_clz.o(x$fpl$fflt) for __aeabi_i2f
    main.o(.text) refers to fdiv.o(x$fpl$fdiv) for __aeabi_fdiv
    main.o(.text) refers to dflt_clz.o(x$fpl$dfltu) for __aeabi_ui2d
    main.o(.text) refers to dmul.o(x$fpl$dmul) for __aeabi_dmul
    main.o(.text) refers to d2f.o(x$fpl$d2f) for __aeabi_d2f
    main.o(.text) refers to f2d.o(x$fpl$f2d) for __aeabi_f2d
    main.o(.text) refers to noretval__2sprintf.o(.text) for __2sprintf
    main.o(.text) refers to main.o(.data) for ReadAdxl345
    main.o(.text) refers to adxl345.o(.data) for temp_Y
    main.o(.text) refers to timer.o(.data) for disFlag
    main.o(.text) refers to main.o(.bss) for dis0
    system_stm32f10x.o(.text) refers to system_stm32f10x.o(.data) for SystemCoreClock
    adxl345.o(.text) refers to stm32f10x_gpio.o(.text) for GPIO_Init
    adxl345.o(.text) refers to delay.o(.text) for delay_us
    adxl345.o(.text) refers to fflt_clz.o(x$fpl$fflt) for __aeabi_i2f
    adxl345.o(.text) refers to f2d.o(x$fpl$f2d) for __aeabi_f2d
    adxl345.o(.text) refers to dmul.o(x$fpl$dmul) for __aeabi_dmul
    adxl345.o(.text) refers to d2f.o(x$fpl$d2f) for __aeabi_d2f
    adxl345.o(.text) refers to adxl345.o(.data) for err
    lcd1602.o(.text) refers to stm32f10x_rcc.o(.text) for RCC_APB2PeriphClockCmd
    lcd1602.o(.text) refers to stm32f10x_gpio.o(.text) for GPIO_Init
    lcd1602.o(.text) refers to delay.o(.text) for delay_us
    ds18b20.o(.text) refers to stm32f10x_rcc.o(.text) for RCC_APB2PeriphClockCmd
    ds18b20.o(.text) refers to stm32f10x_gpio.o(.text) for GPIO_Init
    ds18b20.o(.text) refers to delay.o(.text) for delay_us
    ds18b20.o(.text) refers to fflt_clz.o(x$fpl$fflt) for __aeabi_i2f
    ds18b20.o(.text) refers to f2d.o(x$fpl$f2d) for __aeabi_f2d
    ds18b20.o(.text) refers to dmul.o(x$fpl$dmul) for __aeabi_dmul
    ds18b20.o(.text) refers to dfix.o(x$fpl$dfix) for __aeabi_d2iz
    led.o(.text) refers to stm32f10x_rcc.o(.text) for RCC_APB2PeriphClockCmd
    led.o(.text) refers to stm32f10x_gpio.o(.text) for GPIO_Init
    timer.o(.text) refers to stm32f10x_rcc.o(.text) for RCC_APB1PeriphClockCmd
    timer.o(.text) refers to stm32f10x_tim.o(.text) for TIM_TimeBaseInit
    timer.o(.text) refers to misc.o(.text) for NVIC_Init
    timer.o(.text) refers to timer.o(.data) for time5ms
    timer.o(.text) refers to main.o(.data) for ReadAdxl345
    key.o(.text) refers to stm32f10x_rcc.o(.text) for RCC_APB2PeriphClockCmd
    key.o(.text) refers to stm32f10x_gpio.o(.text) for GPIO_Init
    exti.o(.text) refers to stm32f10x_rcc.o(.text) for RCC_APB2PeriphClockCmd
    exti.o(.text) refers to key.o(.text) for KEY_Init
    exti.o(.text) refers to stm32f10x_gpio.o(.text) for GPIO_EXTILineConfig
    exti.o(.text) refers to stm32f10x_exti.o(.text) for EXTI_Init
    exti.o(.text) refers to misc.o(.text) for NVIC_Init
    exti.o(.text) refers to main.o(.data) for xinLater
    exti.o(.text) refers to main.o(.bss) for xlTab
    delay.o(.text) refers to misc.o(.text) for SysTick_CLKSourceConfig
    delay.o(.text) refers to system_stm32f10x.o(.data) for SystemCoreClock
    delay.o(.text) refers to delay.o(.data) for fac_us
    sys.o(.text) refers to misc.o(.text) for NVIC_PriorityGroupConfig
    usart.o(.text) refers (Special) to use_no_semi_2.o(.text) for __use_no_semihosting
    usart.o(.text) refers to stm32f10x_rcc.o(.text) for RCC_APB2PeriphClockCmd
    usart.o(.text) refers to stm32f10x_usart.o(.text) for USART_DeInit
    usart.o(.text) refers to stm32f10x_gpio.o(.text) for GPIO_Init
    usart.o(.text) refers to misc.o(.text) for NVIC_Init
[...]
    ../clib/memcpset.s                       0x00000000   Number         0  strcmpv7m.o ABSOLUTE
    ../clib/misc.s                           0x00000000   Number         0  printf_stubs.o ABSOLUTE
    ../clib/printf.c                         0x00000000   Number         0  __2sprintf.o ABSOLUTE
    ../clib/printf.c                         0x00000000   Number         0  _printf_fp_dec.o ABSOLUTE
    ../clib/printf.c                         0x00000000   Number         0  __printf_flags_wp.o ABSOLUTE
    ../clib/printf.c                         0x00000000   Number         0  __printf_ss_wp.o ABSOLUTE
    ../clib/printf.c                         0x00000000   Number         0  __printf_flags_ss_wp.o ABSOLUTE
    ../clib/printf.c                         0x00000000   Number         0  _printf_char_common.o ABSOLUTE
    ../clib/printf.c                         0x00000000   Number         0  __printf_nopercent.o ABSOLUTE
    ../clib/printf.c                         0x00000000   Number         0  _printf_fp_infnan.o ABSOLUTE
    ../clib/printf.c                         0x00000000   Number         0  _sputc.o ABSOLUTE
    ../clib/printf.c                         0x00000000   Number         0  _printf_intcommon.o ABSOLUTE
    ../clib/printf.c                         0x00000000   Number         0  noretval__2sprintf.o ABSOLUTE
    ../clib/printf.c                         0x00000000   Number         0  __printf.o ABSOLUTE
    ../clib/printf.c                         0x00000000   Number         0  _printf_pad.o ABSOLUTE
    ../clib/printf.c                         0x00000000   Number         0  __printf_ss.o ABSOLUTE
    ../clib/printf.c                         0x00000000   Number         0  _printf_dec.o ABSOLUTE
    ../clib/printf.c                         0x00000000   Number         0  __printf_flags.o ABSOLUTE
    ../clib/printf.c                         0x00000000   Number         0  __printf_flags_ss.o ABSOLUTE
    ../clib/printf.c                         0x00000000   Number         0  __printf_wp.o ABSOLUTE
    ../clib/printf_percent.s                 0x00000000   Number         0  _printf_f.o ABSOLUTE
    ../clib/printf_percent.s                 0x00000000   Number         0  _printf_percent.o ABSOLUTE
    ../clib/printf_percent.s                 0x00000000   Number         0  _printf_d.o ABSOLUTE
    ../clib/printf_percent.s                 0x00000000   Number         0  _printf_percent_end.o ABSOLUTE
    ../clib/signal.c                         0x00000000   Number         0  defsig_segv_inner.o ABSOLUTE
    ../clib/signal.c                         0x00000000   Number         0  defsig_stak_inner.o ABSOLUTE
    ../clib/signal.c                         0x00000000   Number         0  defsig_pvfn_inner.o ABSOLUTE
    ../clib/signal.c                         0x00000000   Number         0  defsig_rtred_inner.o ABSOLUTE
    ../clib/signal.c                         0x00000000   Number         0  defsig_fpe_inner.o ABSOLUTE
    ../clib/signal.c                         0x00000000   Number         0  defsig_rtmem_formal.o ABSOLUTE
    ../clib/signal.c                         0x00000000   Number         0  defsig_abrt_inner.o ABSOLUTE
    ../clib/signal.c                         0x00000000   Number         0  defsig_exit.o ABSOLUTE
    ../clib/signal.c                         0x00000000   Number         0  defsig_rtmem_inner.o ABSOLUTE
    ../clib/signal.c                         0x00000000   Number         0  __raise.o ABSOLUTE
    ../clib/signal.c                         0x00000000   Number         0  defsig_general.o ABSOLUTE
    ../clib/signal.c                         0x00000000   Number         0  defsig_cppl_inner.o ABSOLUTE
    ../clib/signal.c                         0x00000000   Number         0  defsig_rtmem_outer.o ABSOLUTE
    ../clib/signal.c                         0x00000000   Number         0  defsig_other.o ABSOLUTE
    ../clib/signal.s                         0x00000000   Number         0  defsig.o ABSOLUTE
    ../clib/stdlib.c                         0x00000000   Number         0  exit.o ABSOLUTE
    ../fplib/d2f.s                           0x00000000   Number         0  d2f.o ABSOLUTE
    ../fplib/dfix.s                          0x00000000   Number         0  dfix.o ABSOLUTE
    ../fplib/dflt.s                          0x00000000   Number         0  dflt_clz.o ABSOLUTE
    ../fplib/dmul.s                          0x00000000   Number         0  dmul.o ABSOLUTE
    ../fplib/dnaninf.s                       0x00000000   Number         0  dnaninf.o ABSOLUTE
    ../fplib/dretinf.s                       0x00000000   Number         0  dretinf.o ABSOLUTE
    ../fplib/f2d.s                           0x00000000   Number         0  f2d.o ABSOLUTE
    ../fplib/fcmpi.s                         0x00000000   Number         0  fcmpi.o ABSOLUTE
    ../fplib/fdiv.s                          0x00000000   Number         0  fdiv.o ABSOLUTE
    ../fplib/fflt.s                          0x00000000   Number         0  fflt_clz.o ABSOLUTE
    ../fplib/fleqf.s                         0x00000000   Number         0  fleqf.o ABSOLUTE
    ../fplib/fnaninf.s                       0x00000000   Number         0  fnaninf.o ABSOLUTE
    ../fplib/fpinit.s                        0x00000000   Number         0  fpinit.o ABSOLUTE
    ../fplib/fretinf.s                       0x00000000   Number         0  fretinf.o ABSOLUTE
    ../fplib/frleqf.s                        0x00000000   Number         0  frleqf.o ABSOLUTE
    ../fplib/istatus.s                       0x00000000   Number         0  istatus.o ABSOLUTE
    ../fplib/printf1.s                       0x00000000   Number         0  printf1.o ABSOLUTE
    ../fplib/usenofp.s                       0x00000000   Number         0  usenofp.o ABSOLUTE
    ../mathlib/fpclassify.c                  0x00000000   Number         0  fpclassify.o ABSOLUTE
    ..\CORE\core_cm3.c                       0x00000000   Number         0  core_cm3.o ABSOLUTE
    ..\CORE\startup_stm32f10x_hd.s           0x00000000   Number         0  startup_stm32f10x_hd.o ABSOLUTE
    ..\HARDWARE\EXTI\exti.c                  0x00000000   Number         0  exti.o ABSOLUTE
    ..\HARDWARE\KEY\key.c                    0x00000000   Number         0  key.o ABSOLUTE
    ..\HARDWARE\LED\led.c                    0x00000000   Number         0  led.o ABSOLUTE
    ..\HARDWARE\TIMER\timer.c                0x00000000   Number         0  timer.o ABSOLUTE
    ..\STM32F10x_FWLib\src\misc.c            0x00000000   Number         0  misc.o ABSOLUTE
    ..\STM32F10x_FWLib\src\stm32f10x_adc.c   0x00000000   Number         0  stm32f10x_adc.o ABSOLUTE
    ..\STM32F10x_FWLib\src\stm32f10x_exti.c  0x00000000   Number         0  stm32f10x_exti.o ABSOLUTE
    ..\STM32F10x_FWLib\src\stm32f10x_gpio.c  0x00000000   Number         0  stm32f10x_gpio.o ABSOLUTE
    ..\STM32F10x_FWLib\src\stm32f10x_rcc.c   0x00000000   Number         0  stm32f10x_rcc.o ABSOLUTE
    ..\STM32F10x_FWLib\src\stm32f10x_tim.c   0x00000000   Number         0  stm32f10x_tim.o ABSOLUTE
    ..\STM32F10x_FWLib\src\stm32f10x_usart.c 0x00000000   Number         0  stm32f10x_usart.o ABSOLUTE
    ..\SYSTEM\delay\delay.c                  0x00000000   Number         0  delay.o ABSOLUTE
    ..\SYSTEM\sys\sys.c                      0x00000000   Number         0  sys.o ABSOLUTE
    ..\SYSTEM\usart\usart.c                  0x00000000   Number         0  usart.o ABSOLUTE
    ..\\CORE\\core_cm3.c                     0x00000000   Number         0  core_cm3.o ABSOLUTE
    LCD1602.c                                0x00000000   Number         0  lcd1602.o ABSOLUTE
    adxl345.c                                0x00000000   Number         0  adxl345.o ABSOLUTE
    dc.s                                     0x00000000   Number         0  dc.o ABSOLUTE
    ds18b20.c                                0x00000000   Number         0  ds18b20.o ABSOLUTE
    main.c                                   0x00000000   Number         0  main.o ABSOLUTE
    stm32f10x_it.c                           0x00000000   Number         0  stm32f10x_it.o ABSOLUTE
    system_stm32f10x.c                       0x00000000   Number         0  system_stm32f10x.o ABSOLUTE
    RESET                                    0x08000000   Section      304  startup_stm32f10x_hd.o(RESET)
    !!!main                                  0x08000130   Section        8  __main.o(!!!main)
    !!!scatter                               0x08000138   Section       52  __scatter.o(!!!scatter)
    !!handler_copy                           0x0800016c   Section       26  __scatter_copy.o(!!handler_copy)
    !!handler_zi                             0x08000188   Section       28  __scatter_zi.o(!!handler_zi)
    .ARM.Collect$$_printf_percent$$00000000  0x080001a4   Section        0  _printf_percent.o(.ARM.Collect$$_printf_percent$$00000000)
    .ARM.Collect$$_printf_percent$$00000003  0x080001a4   Section        6  _printf_f.o(.ARM.Collect$$_printf_percent$$00000003)
    .ARM.Collect$$_printf_percent$$00000009  0x080001aa   Section        6  _printf_d.o(.ARM.Collect$$_printf_percent$$00000009)
    .ARM.Collect$$_printf_percent$$00000017  0x080001b0   Section        4  _printf_percent_end.o(.ARM.Collect$$_printf_percent$$00000017)
    .ARM.Collect$$libinit$$00000000          0x080001b4   Section        2  libinit.o(.ARM.Collect$$libinit$$00000000)
    .ARM.Collect$$libinit$$00000002          0x080001b6   Section        0  libinit2.o(.ARM.Collect$$libinit$$00000002)
    .ARM.Collect$$libinit$$00000008          0x080001b6   Section        0  libinit2.o(.ARM.Collect$$libinit$$00000008)
    .ARM.Collect$$libinit$$0000000A          0x080001b6   Section        0  libinit2.o(.ARM.Collect$$libinit$$0000000A)
    .ARM.Collect$$libinit$$0000000C          0x080001b6   Section        0  libinit2.o(.ARM.Collect$$libinit$$0000000C)
    .ARM.Collect$$libinit$$0000000D          0x080001b6   Section        6  libinit2.o(.ARM.Collect$$libinit$$0000000D)
    .ARM.Collect$$libinit$$0000000F          0x080001bc   Section        0  libinit2.o(.ARM.Collect$$libinit$$0000000F)
    .ARM.Collect$$libinit$$00000011          0x080001bc   Section        0  libinit2.o(.ARM.Collect$$libinit$$00000011)
    .ARM.Collect$$libinit$$00000013          0x080001bc   Section        0  libinit2.o(.ARM.Collect$$libinit$$00000013)
    .ARM.Collect$$libinit$$00000014          0x080001bc   Section       10  libinit2.o(.ARM.Collect$$libinit$$00000014)
    .ARM.Collect$$libinit$$00000015          0x080001c6   Section        0  libinit2.o(.ARM.Collect$$libinit$$00000015)
    .ARM.Collect$$libinit$$00000017          0x080001c6   Section        0  libinit2.o(.ARM.Collect$$libinit$$00000017)
    .ARM.Collect$$libinit$$00000019          0x080001c6   Section        0  libinit2.o(.ARM.Collect$$libinit$$00000019)
    .ARM.Collect$$libinit$$0000001B          0x080001c6   Section        0  libinit2.o(.ARM.Collect$$libinit$$0000001B)
    .ARM.Collect$$libinit$$0000001D          0x080001c6   Section        0  libinit2.o(.ARM.Collect$$libinit$$0000001D)
    .ARM.Collect$$libinit$$0000001F          0x080001c6   Section        0  libinit2.o(.ARM.Collect$$libinit$$0000001F)
    .ARM.Collect$$libinit$$00000021          0x080001c6   Section        0  libinit2.o(.ARM.Collect$$libinit$$00000021)
    .ARM.Collect$$libinit$$00000023          0x080001c6   Section        0  libinit2.o(.ARM.Collect$$libinit$$00000023)
    .ARM.Collect$$libinit$$0000002A          0x080001c6   Section        0  libinit2.o(.ARM.Collect$$libinit$$0000002A)
    .ARM.Collect$$libinit$$0000002C          0x080001c6   Section        0  libinit2.o(.ARM.Collect$$libinit$$0000002C)
    .ARM.Collect$$libinit$$0000002E          0x080001c6   Section        0  libinit2.o(.ARM.Collect$$libinit$$0000002E)
    .ARM.Collect$$libinit$$00000030          0x080001c6   Section        0  libinit2.o(.ARM.Collect$$libinit$$00000030)
    .ARM.Collect$$libinit$$00000031          0x080001c6   Section        2  libinit2.o(.ARM.Collect$$libinit$$00000031)
    .ARM.Collect$$libshutdown$$00000000      0x080001c8   Section        2  libshutdown.o(.ARM.Collect$$libshutdown$$00000000)
    .ARM.Collect$$libshutdown$$00000003      0x080001ca   Section        0  libshutdown2.o(.ARM.Collect$$libshutdown$$00000003)
    .ARM.Collect$$libshutdown$$00000006      0x080001ca   Section        0  libshutdown2.o(.ARM.Collect$$libshutdown$$00000006)
    .ARM.Collect$$libshutdown$$00000009      0x080001ca   Section        0  libshutdown2.o(.ARM.Collect$$libshutdown$$00000009)
    .ARM.Collect$$libshutdown$$0000000B      0x080001ca   Section        0  libshutdown2.o(.ARM.Collect$$libshutdown$$0000000B)
    .ARM.Collect$$libshutdown$$0000000E      0x080001ca   Section        0  libshutdown2.o(.ARM.Collect$$libshutdown$$0000000E)
    .ARM.Collect$$libshutdown$$0000000F      0x080001ca   Section        2  libshutdown2.o(.ARM.Collect$$libshutdown$$0000000F)
    .ARM.Collect$$rtentry$$00000000          0x080001cc   Section        0  rtentry.o(.ARM.Collect$$rtentry$$00000000)
    .ARM.Collect$$rtentry$$00000002          0x080001cc   Section        0  rtentry2.o(.ARM.Collect$$rtentry$$00000002)
    .ARM.Collect$$rtentry$$00000004          0x080001cc   Section        6  rtentry4.o(.ARM.Collect$$rtentry$$00000004)
    .ARM.Collect$$rtentry$$00000009          0x080001d2   Section        0  rtentry2.o(.ARM.Collect$$rtentry$$00000009)
    .ARM.Collect$$rtentry$$0000000A          0x080001d2   Section        4  rtentry2.o(.ARM.Collect$$rtentry$$0000000A)
    .ARM.Collect$$rtentry$$0000000C          0x080001d6   Section        0  rtentry2.o(.ARM.Collect$$rtentry$$0000000C)
    .ARM.Collect$$rtentry$$0000000D          0x080001d6   Section        8  rtentry2.o(.ARM.Collect$$rtentry$$0000000D)
    .ARM.Collect$$rtexit$$00000000           0x080001de   Section        2  rtexit.o(.ARM.Collect$$rtexit$$00000000)
    .ARM.Collect$$rtexit$$00000002           0x080001e0   Section        0  rtexit2.o(.ARM.Collect$$rtexit$$00000002)
    .ARM.Collect$$rtexit$$00000003           0x080001e0   Section        4  rtexit2.o(.ARM.Collect$$rtexit$$00000003)
    .ARM.Collect$$rtexit$$00000004           0x080001e4   Section        6  rtexit2.o(.ARM.Collect$$rtexit$$00000004)
    .text                                    0x080001ec   Section        0  main.o(.text)
    .text                                    0x080003cc   Section        0  stm32f10x_it.o(.text)
    .text                                    0x080003e8   Section        0  system_stm32f10x.o(.text)
    SetSysClockTo72                          0x080003e9   Thumb Code   214  system_stm32f10x.o(.text)
    SetSysClock                              0x080004bf   Thumb Code     8  system_stm32f10x.o(.text)
    .text                                    0x080005c8   Section        0  adxl345.o(.text)
    .text                                    0x08000960   Section        0  lcd1602.o(.text)
    .text                                    0x08000c80   Section        0  ds18b20.o(.text)
    .text                                    0x08000edc   Section        0  led.o(.text)
    .text                                    0x08000f08   Section        0  timer.o(.text)
    .text                                    0x08000fd4   Section        0  key.o(.text)
    .text                                    0x08000ffc   Section        0  exti.o(.text)
    .text                                    0x080010d8   Section        0  delay.o(.text)
    .text                                    0x080011ac   Section        0  usart.o(.text)
    .text                                    0x080012bc   Section       64  startup_stm32f10x_hd.o(.text)
    .text                                    0x080012fc   Section        0  stm32f10x_gpio.o(.text)
    .text                                    0x08001658   Section        0  stm32f10x_rcc.o(.text)
    .text                                    0x080019fc   Section        0  stm32f10x_usart.o(.text)
    .text                                    0x08001e04   Section        0  misc.o(.text)
    .text                                    0x08001ee0   Section        0  stm32f10x_tim.o(.text)
    TI4_Config                               0x08002387   Thumb Code   130  stm32f10x_tim.o(.text)
    TI3_Config                               0x0800241b   Thumb Code   122  stm32f10x_tim.o(.text)
    TI2_Config                               0x080024af   Thumb Code   130  stm32f10x_tim.o(.text)
    TI1_Config                               0x08002543   Thumb Code   108  stm32f10x_tim.o(.text)
    .text                                    0x08002cfc   Section        0  stm32f10x_exti.o(.text)
    .text                                    0x08002e18   Section        2  use_no_semi_2.o(.text)
    .text                                    0x08002e1c   Section        0  noretval__2sprintf.o(.text)
    .text                                    0x08002e44   Section        0  _printf_pad.o(.text)
    .text                                    0x08002e94   Section        0  _printf_dec.o(.text)
    .text                                    0x08002f08   Section        0  __printf_flags_wp.o(.text)
    .text                                    0x08003040   Section        0  heapauxi.o(.text)
    .text                                    0x08003046   Section        2  use_no_semi.o(.text)
    .text                                    0x08003048   Section        0  _printf_intcommon.o(.text)
    .text                                    0x080030fa   Section        0  _printf_fp_dec.o(.text)
    _fp_digits                               0x080030fd   Thumb Code   428  _printf_fp_dec.o(.text)
    .text                                    0x08003510   Section        0  _printf_char_common.o(.text)
    _printf_input_char                       0x08003511   Thumb Code    10  _printf_char_common.o(.text)
    .text                                    0x08003540   Section        0  _sputc.o(.text)
    .text                                    0x0800354c   Section        8  rt_locale_intlibspace.o(.text)
    .text                                    0x08003554   Section      138  lludiv10.o(.text)
    .text                                    0x080035e0   Section        0  _printf_fp_infnan.o(.text)
    .text                                    0x08003660   Section        0  bigflt0.o(.text)
    .text                                    0x08003738   Section        8  libspace.o(.text)
    .text                                    0x08003740   Section       74  sys_stackheap_outer.o(.text)
    .text                                    0x0800378a   Section        0  exit.o(.text)
    .text                                    0x08003798   Section      128  strcmpv7m.o(.text)
    CL$$btod_d2e                             0x08003818   Section       62  btod.o(CL$$btod_d2e)
    CL$$btod_d2e_denorm_low                  0x08003856   Section       70  btod.o(CL$$btod_d2e_denorm_low)
    CL$$btod_d2e_norm_op1                    0x0800389c   Section       96  btod.o(CL$$btod_d2e_norm_op1)
    CL$$btod_div_common                      0x080038fc   Section      824  btod.o(CL$$btod_div_common)
    CL$$btod_e2e                             0x08003c34   Section      198  btod.o(CL$$btod_e2e)
    CL$$btod_ediv                            0x08003cfa   Section       40  btod.o(CL$$btod_ediv)
    CL$$btod_emul                            0x08003d22   Section       40  btod.o(CL$$btod_emul)
    CL$$btod_mult_common                     0x08003d4a   Section      580  btod.o(CL$$btod_mult_common)
    i.__ARM_fpclassify                       0x08003f8e   Section        0  fpclassify.o(i.__ARM_fpclassify)
    i._is_digit                              0x08003fb6   Section        0  __printf_wp.o(i._is_digit)
    locale$$code                             0x08003fc4   Section       44  lc_numeric_c.o(locale$$code)
    x$fpl$d2f                                0x08003ff0   Section       98  d2f.o(x$fpl$d2f)
    x$fpl$dfix                               0x08004054   Section       94  dfix.o(x$fpl$dfix)
    x$fpl$dfltu                              0x080040b2   Section       38  dflt_clz.o(x$fpl$dfltu)
    x$fpl$dmul                               0x080040d8   Section      340  dmul.o(x$fpl$dmul)
    x$fpl$dnaninf                            0x0800422c   Section      156  dnaninf.o(x$fpl$dnaninf)
    x$fpl$dretinf                            0x080042c8   Section       12  dretinf.o(x$fpl$dretinf)
    x$fpl$f2d                                0x080042d4   Section       86  f2d.o(x$fpl$f2d)
    x$fpl$fcmpinf                            0x0800432a   Section       24  fcmpi.o(x$fpl$fcmpinf)
    x$fpl$fdiv                               0x08004344   Section      388  fdiv.o(x$fpl$fdiv)
    _fdiv1                                   0x08004345   Thumb Code     0  fdiv.o(x$fpl$fdiv)
    x$fpl$fflt                               0x080044c8   Section       48  fflt_clz.o(x$fpl$fflt)
    x$fpl$fleqf                              0x080044f8   Section      104  fleqf.o(x$fpl$fleqf)
    x$fpl$fnaninf                            0x08004560   Section      140  fnaninf.o(x$fpl$fnaninf)
    x$fpl$fretinf                            0x080045ec   Section       10  fretinf.o(x$fpl$fretinf)
    x$fpl$frleqf                             0x080045f6   Section       98  frleqf.o(x$fpl$frleqf)
    x$fpl$printf1                            0x08004658   Section        4  printf1.o(x$fpl$printf1)
    .constdata                               0x0800465c   Section       17  __printf_flags_wp.o(.constdata)
    x$fpl$usenofp                            0x0800465c   Section        0  usenofp.o(x$fpl$usenofp)
    maptable                                 0x0800465c   Data          17  __printf_flags_wp.o(.constdata)
    .constdata                               0x08004670   Section      148  bigflt0.o(.constdata)
    tenpwrs_x                                0x08004670   Data          60  bigflt0.o(.constdata)
    tenpwrs_i                                0x080046ac   Data          64  bigflt0.o(.constdata)
    locale$$data                             0x08004724   Section       28  lc_numeric_c.o(locale$$data)
    __lcnum_c_name                           0x08004728   Data           2  lc_numeric_c.o(locale$$data)
    __lcnum_c_start                          0x08004730   Data           0  lc_numeric_c.o(locale$$data)
    __lcnum_c_point                          0x0800473c   Data           0  lc_numeric_c.o(locale$$data)
    __lcnum_c_thousands                      0x0800473e   Data           0  lc_numeric_c.o(locale$$data)
    __lcnum_c_grouping                       0x0800473f   Data           0  lc_numeric_c.o(locale$$data)
    __lcnum_c_end                            0x08004740   Data           0  lc_numeric_c.o(locale$$data)
    .data                                    0x20000000   Section       37  main.o(.data)
    .data                                    0x20000028   Section       20  system_stm32f10x.o(.data)
    .data                                    0x2000003c   Section       28  adxl345.o(.data)
    .data                                    0x20000058   Section        5  timer.o(.data)
    .data                                    0x2000005e   Section        4  delay.o(.data)
    fac_us                                   0x2000005e   Data           1  delay.o(.data)
    fac_ms                                   0x20000060   Data           2  delay.o(.data)
    .data                                    0x20000062   Section       20  stm32f10x_rcc.o(.data)
    APBAHBPrescTable                         0x20000062   Data          16  stm32f10x_rcc.o(.data)
    ADCPrescTable                            0x20000072   Data           4  stm32f10x_rcc.o(.data)
    .bss                                     0x20000078   Section       72  main.o(.bss)
    .bss                                     0x200000c0   Section       96  libspace.o(.bss)
    HEAP                                     0x20000120   Section      512  startup_stm32f10x_hd.o(HEAP)
    Heap_Mem                                 0x20000120   Data         512  startup_stm32f10x_hd.o(HEAP)
    STACK                                    0x20000320   Section     1024  startup_stm32f10x_hd.o(STACK)
    Stack_Mem                                0x20000320   Data        1024  startup_stm32f10x_hd.o(STACK)
    __initial_sp                             0x20000720   Data           0  startup_stm32f10x_hd.o(STACK)

    Global Symbols

    Symbol Name                              Value     Ov Type        Size  Object(Section)

    BuildAttributes$$THM_ISAv4$P$D$K$B$S$PE$A:L22UL41UL21$X:L11$S22US41US21$IEEE1$IW$USESV6$~STKCKD$USESV7$~SHL$OTIME$ROPI$IEEEJ$EBA8$UX$STANDARDLIB$REQ8$PRES8$EABIv2 0x00000000   Number         0  anon$$obj.o ABSOLUTE
    __ARM_use_no_argv                        0x00000000   Number         0  main.o ABSOLUTE
    _printf_flags                            0x00000000   Number         0  printf_stubs.o ABSOLUTE
    _printf_return_value                     0x00000000   Number         0  printf_stubs.o ABSOLUTE
    _printf_sizespec                         0x00000000   Number         0  printf_stubs.o ABSOLUTE
    _printf_widthprec                        0x00000000   Number         0  printf_stubs.o ABSOLUTE
    __ARM_exceptions_init                     - Undefined Weak Reference
    __alloca_initialize                       - Undefined Weak Reference
    __cpp_initialize__aeabi_                  - Undefined Weak Reference
    __cxa_finalize                            - Undefined Weak Reference
    __sigvec_lookup                           - Undefined Weak Reference
    _atexit_init                              - Undefined Weak Reference
    _call_atexit_fns                          - Undefined Weak Reference
    _clock_init                               - Undefined Weak Reference
    _fp_trap_init                             - Undefined Weak Reference
    _fp_trap_shutdown                         - Undefined Weak Reference
    _get_lc_collate                           - Undefined Weak Reference
    _get_lc_ctype                             - Undefined Weak Reference
    _get_lc_monetary                          - Undefined Weak Reference
    _get_lc_time                              - Undefined Weak Reference
    _getenv_init                              - Undefined Weak Reference
    _handle_redirection                       - Undefined Weak Reference
    _init_alloc                               - Undefined Weak Reference
    _init_user_alloc                          - Undefined Weak Reference
    _initio                                   - Undefined Weak Reference
    _printf_truncate_signed                   - Undefined Weak Reference
    _printf_truncate_unsigned                 - Undefined Weak Reference
    _rand_init                                - Undefined Weak Reference
    _signal_finish                            - Undefined Weak Reference
    _signal_init                              - Undefined Weak Reference
    _terminate_alloc                          - Undefined Weak Reference
    _terminate_user_alloc                     - Undefined Weak Reference
    _terminateio                              - Undefined Weak Reference
    __Vectors_Size                           0x00000130   Number         0  startup_stm32f10x_hd.o ABSOLUTE
    __Vectors                                0x08000000   Data           4  startup_stm32f10x_hd.o(RESET)
    __Vectors_End                            0x08000130   Data           0  startup_stm32f10x_hd.o(RESET)
    __main                                   0x08000131   Thumb Code     8  __main.o(!!!main)
    __scatterload                            0x08000139   Thumb Code     0  __scatter.o(!!!scatter)
    __scatterload_rt2                        0x08000139   Thumb Code    44  __scatter.o(!!!scatter)
    __scatterload_rt2_thumb_only             0x08000139   Thumb Code     0  __scatter.o(!!!scatter)
    __scatterload_null                       0x08000147   Thumb Code     0  __scatter.o(!!!scatter)
    __scatterload_copy                       0x0800016d   Thumb Code    26  __scatter_copy.o(!!handler_copy)
    __scatterload_zeroinit                   0x08000189   Thumb Code    28  __scatter_zi.o(!!handler_zi)
    _printf_f                                0x080001a5   Thumb Code     0  _printf_f.o(.ARM.Collect$$_printf_percent$$00000003)
    _printf_percent                          0x080001a5   Thumb Code     0  _printf_percent.o(.ARM.Collect$$_printf_percent$$00000000)
    _printf_d                                0x080001ab   Thumb Code     0  _printf_d.o(.ARM.Collect$$_printf_percent$$00000009)
    _printf_percent_end                      0x080001b1   Thumb Code     0  _printf_percent_end.o(.ARM.Collect$$_printf_percent$$00000017)
    __rt_lib_init                            0x080001b5   Thumb Code     0  libinit.o(.ARM.Collect$$libinit$$00000000)
    __rt_lib_init_fp_1                       0x080001b7   Thumb Code     0  libinit2.o(.ARM.Collect$$libinit$$00000002)
    __rt_lib_init_heap_1                     0x080001b7   Thumb Code     0  libinit2.o(.ARM.Collect$$libinit$$00000008)
    __rt_lib_init_lc_common                  0x080001b7   Thumb Code     0  libinit2.o(.ARM.Collect$$libinit$$0000000D)
    __rt_lib_init_rand_1                     0x080001b7   Thumb Code     0  libinit2.o(.ARM.Collect$$libinit$$0000000C)
    __rt_lib_init_user_alloc_1               0x080001b7   Thumb Code     0  libinit2.o(.ARM.Collect$$libinit$$0000000A)
    __rt_lib_init_lc_collate_1               0x080001bd   Thumb Code     0  libinit2.o(.ARM.Collect$$libinit$$0000000F)
    __rt_lib_init_lc_ctype_1                 0x080001bd   Thumb Code     0  libinit2.o(.ARM.Collect$$libinit$$00000011)
    __rt_lib_init_lc_monetary_1              0x080001bd   Thumb Code     0  libinit2.o(.ARM.Collect$$libinit$$00000013)
    __rt_lib_init_lc_numeric_2               0x080001bd   Thumb Code     0  libinit2.o(.ARM.Collect$$libinit$$00000014)
    __rt_lib_init_alloca_1                   0x080001c7   Thumb Code     0  libinit2.o(.ARM.Collect$$libinit$$0000002C)
    __rt_lib_init_argv_1                     0x080001c7   Thumb Code     0  libinit2.o(.ARM.Collect$$libinit$$0000002A)
    __rt_lib_init_atexit_1                   0x080001c7   Thumb Code     0  libinit2.o(.ARM.Collect$$libinit$$00000019)
    __rt_lib_init_clock_1                    0x080001c7   Thumb Code     0  libinit2.o(.ARM.Collect$$libinit$$0000001F)
    __rt_lib_init_cpp_1                      0x080001c7   Thumb Code     0  libinit2.o(.ARM.Collect$$libinit$$00000030)
    __rt_lib_init_exceptions_1               0x080001c7   Thumb Code     0  libinit2.o(.ARM.Collect$$libinit$$0000002E)
    __rt_lib_init_fp_trap_1                  0x080001c7   Thumb Code     0  libinit2.o(.ARM.Collect$$libinit$$0000001D)
    __rt_lib_init_getenv_1                   0x080001c7   Thumb Code     0  libinit2.o(.ARM.Collect$$libinit$$00000021)
    __rt_lib_init_lc_numeric_1               0x080001c7   Thumb Code     0  libinit2.o(.ARM.Collect$$libinit$$00000015)
    __rt_lib_init_lc_time_1                  0x080001c7   Thumb Code     0  libinit2.o(.ARM.Collect$$libinit$$00000017)
    __rt_lib_init_return                     0x080001c7   Thumb Code     0  libinit2.o(.ARM.Collect$$libinit$$00000031)
    __rt_lib_init_signal_1                   0x080001c7   Thumb Code     0  libinit2.o(.ARM.Collect$$libinit$$0000001B)
    __rt_lib_init_stdio_1                    0x080001c7   Thumb Code     0  libinit2.o(.ARM.Collect$$libinit$$00000023)
    __rt_lib_shutdown                        0x080001c9   Thumb Code     0  libshutdown.o(.ARM.Collect$$libshutdown$$00000000)
    __rt_lib_shutdown_fp_trap_1              0x080001cb   Thumb Code     0  libshutdown2.o(.ARM.Collect$$libshutdown$$00000006)
    __rt_lib_shutdown_heap_1                 0x080001cb   Thumb Code     0  libshutdown2.o(.ARM.Collect$$libshutdown$$0000000E)
    __rt_lib_shutdown_return                 0x080001cb   Thumb Code     0  libshutdown2.o(.ARM.Collect$$libshutdown$$0000000F)
    __rt_lib_shutdown_signal_1               0x080001cb   Thumb Code     0  libshutdown2.o(.ARM.Collect$$libshutdown$$00000009)
    __rt_lib_shutdown_stdio_1                0x080001cb   Thumb Code     0  libshutdown2.o(.ARM.Collect$$libshutdown$$00000003)
    __rt_lib_shutdown_user_alloc_1           0x080001cb   Thumb Code     0  libshutdown2.o(.ARM.Collect$$libshutdown$$0000000B)
    __rt_entry                               0x080001cd   Thumb Code     0  rtentry.o(.ARM.Collect$$rtentry$$00000000)
    __rt_entry_presh_1                       0x080001cd   Thumb Code     0  rtentry2.o(.ARM.Collect$$rtentry$$00000002)
    __rt_entry_sh                            0x080001cd   Thumb Code     0  rtentry4.o(.ARM.Collect$$rtentry$$00000004)
    __rt_entry_li                            0x080001d3   Thumb Code     0  rtentry2.o(.ARM.Collect$$rtentry$$0000000A)
    __rt_entry_postsh_1                      0x080001d3   Thumb Code     0  rtentry2.o(.ARM.Collect$$rtentry$$00000009)
    __rt_entry_main                          0x080001d7   Thumb Code     0  rtentry2.o(.ARM.Collect$$rtentry$$0000000D)
    __rt_entry_postli_1                      0x080001d7   Thumb Code     0  rtentry2.o(.ARM.Collect$$rtentry$$0000000C)
    __rt_exit                                0x080001df   Thumb Code     0  rtexit.o(.ARM.Collect$$rtexit$$00000000)
    __rt_exit_ls                             0x080001e1   Thumb Code     0  rtexit2.o(.ARM.Collect$$rtexit$$00000003)
    __rt_exit_prels_1                        0x080001e1   Thumb Code     0  rtexit2.o(.ARM.Collect$$rtexit$$00000002)
    __rt_exit_exit                           0x080001e5   Thumb Code     0  rtexit2.o(.ARM.Collect$$rtexit$$00000004)
    main                                     0x080001ed   Thumb Code   362  main.o(.text)
    NMI_Handler                              0x080003cd   Thumb Code     2  stm32f10x_it.o(.text)
    HardFault_Handler                        0x080003cf   Thumb Code     4  stm32f10x_it.o(.text)
    MemManage_Handler                        0x080003d3   Thumb Code     4  stm32f10x_it.o(.text)
    BusFault_Handler                         0x080003d7   Thumb Code     4  stm32f10x_it.o(.text)
    UsageFault_Handler                       0x080003db   Thumb Code     4  stm32f10x_it.o(.text)
    SVC_Handler                              0x080003df   Thumb Code     2  stm32f10x_it.o(.text)
    DebugMon_Handler                         0x080003e1   Thumb Code     2  stm32f10x_it.o(.text)
    PendSV_Handler                           0x080003e3   Thumb Code     2  stm32f10x_it.o(.text)
    SysTick_Handler                          0x080003e5   Thumb Code     2  stm32f10x_it.o(.text)
    SystemInit                               0x080004c7   Thumb Code    78  system_stm32f10x.o(.text)
    SystemCoreClockUpdate                    0x08000515   Thumb Code   142  system_stm32f10x.o(.text)
    SCL_Set_Output                           0x080005c9   Thumb Code    28  adxl345.o(.text)
    SDA_Set_Output                           0x080005e5   Thumb Code    30  adxl345.o(.text)
    SDA_Set_Input                            0x08000603   Thumb Code    30  adxl345.o(.text)
    ADXL345_Start                            0x08000621   Thumb Code    56  adxl345.o(.text)
    ADXL345_Stop                             0x08000659   Thumb Code    56  adxl345.o(.text)
    ADXL345_SendACK                          0x08000691   Thumb Code    62  adxl345.o(.text)
    ADXL345_RecvACK                          0x080006cf   Thumb Code    80  adxl345.o(.text)
    ADXL345_SendByte                         0x0800071f   Thumb Code    92  adxl345.o(.text)
    ADXL345_RecvByte                         0x0800077b   Thumb Code    84  adxl345.o(.text)
    Single_Write_ADXL345                     0x080007cf   Thumb Code    34  adxl345.o(.text)
    Single_Read_ADXL345                      0x080007f1   Thumb Code    50  adxl345.o(.text)
    Multiple_Read_ADXL345                    0x08000823   Thumb Code    78  adxl345.o(.text)
    Init_ADXL345                             0x08000871   Thumb Code    60  adxl345.o(.text)
    ReadData_x                               0x080008ad   Thumb Code   150  adxl345.o(.text)
    Lcd_GPIO_init                            0x08000961   Thumb Code   142  lcd1602.o(.text)
    Lcd_Busy                                 0x080009ef   Thumb Code   140  lcd1602.o(.text)
    Lcd_En_Toggle                            0x08000a7b   Thumb Code    26  lcd1602.o(.text)
    Gpio_data                                0x08000a95   Thumb Code   214  lcd1602.o(.text)
    Lcd_Write_Command                        0x08000b6b   Thumb Code    44  lcd1602.o(.text)
    Lcd_Init                                 0x08000b97   Thumb Code    96  lcd1602.o(.text)
    Lcd_Write_Data                           0x08000bf7   Thumb Code    40  lcd1602.o(.text)
    Lcd_SetXY                                0x08000c1f   Thumb Code    36  lcd1602.o(.text)
    Lcd_Puts                                 0x08000c43   Thumb Code    34  lcd1602.o(.text)
    Lcd_1Put                                 0x08000c65   Thumb Code    24  lcd1602.o(.text)
    DS18B20_IO_IN                            0x08000c81   Thumb Code    34  ds18b20.o(.text)
    DS18B20_IO_OUT                           0x08000ca3   Thumb Code    40  ds18b20.o(.text)
    DS18B20_Check                            0x08000ccb   Thumb Code    74  ds18b20.o(.text)
    DS18B20_Rst                              0x08000d15   Thumb Code    38  ds18b20.o(.text)
    DS18B20_Init                             0x08000d3b   Thumb Code    58  ds18b20.o(.text)
    DS18B20_Read_Bit                         0x08000d75   Thumb Code    60  ds18b20.o(.text)
    DS18B20_Read_Byte                        0x08000db1   Thumb Code    34  ds18b20.o(.text)
    DS18B20_Write_Byte                       0x08000dd3   Thumb Code    88  ds18b20.o(.text)
    DS18B20_Start                            0x08000e2b   Thumb Code    24  ds18b20.o(.text)
    DS18B20_Get_Temp                         0x08000e43   Thumb Code   136  ds18b20.o(.text)
    LED_Init                                 0x08000edd   Thumb Code    40  led.o(.text)
    TIM3_Int_Init                            0x08000f09   Thumb Code    90  timer.o(.text)
    TIM3_IRQHandler                          0x08000f63   Thumb Code    88  timer.o(.text)
    KEY_Init                                 0x08000fd5   Thumb Code    34  key.o(.text)
    EXTIX_Init                               0x08000ffd   Thumb Code    80  exti.o(.text)
    EXTI0_IRQHandler                         0x0800104d   Thumb Code   124  exti.o(.text)
    delay_init                               0x080010d9   Thumb Code    50  delay.o(.text)
    delay_us                                 0x0800110b   Thumb Code    72  delay.o(.text)
    delay_ms                                 0x08001153   Thumb Code    72  delay.o(.text)
    _sys_exit                                0x080011ad   Thumb Code     6  usart.o(.text)
    fputc                                    0x080011b3   Thumb Code    24  usart.o(.text)
    uart_init                                0x080011cb   Thumb Code   158  usart.o(.text)
    USART1_IRQHandler                        0x08001269   Thumb Code    24  usart.o(.text)
    UART_SendStr                             0x08001281   Thumb Code    50  usart.o(.text)
    Reset_Handler                            0x080012bd   Thumb Code     8  startup_stm32f10x_hd.o(.text)
    ADC1_2_IRQHandler                        0x080012d7   Thumb Code     0  startup_stm32f10x_hd.o(.text)
    ADC3_IRQHandler                          0x080012d7   Thumb Code     0  startup_stm32f10x_hd.o(.text)
    CAN1_RX1_IRQHandler                      0x080012d7   Thumb Code     0  startup_stm32f10x_hd.o(.text)
    CAN1_SCE_IRQHandler                      0x080012d7   Thumb Code     0  startup_stm32f10x_hd.o(.text)
    DMA1_Channel1_IRQHandler                 0x080012d7   Thumb Code     0  startup_stm32f10x_hd.o(.text)
    DMA1_Channel2_IRQHandler                 0x080012d7   Thumb Code     0  startup_stm32f10x_hd.o(.text)
    DMA1_Channel3_IRQHandler                 0x080012d7   Thumb Code     0  startup_stm32f10x_hd.o(.text)
    DMA1_Channel4_IRQHandler                 0x080012d7   Thumb Code     0  startup_stm32f10x_hd.o(.text)
    DMA1_Channel5_IRQHandler                 0x080012d7   Thumb Code     0  startup_stm32f10x_hd.o(.text)
    DMA1_Channel6_IRQHandler                 0x080012d7   Thumb Code     0  startup_stm32f10x_hd.o(.text)
    DMA1_Channel7_IRQHandler                 0x080012d7   Thumb Code     0  startup_stm32f10x_hd.o(.text)
    DMA2_Channel1_IRQHandler                 0x080012d7   Thumb Code     0  startup_stm32f10x_hd.o(.text)
    DMA2_Channel2_IRQHandler                 0x080012d7   Thumb Code     0  startup_stm32f10x_hd.o(.text)
    DMA2_Channel3_IRQHandler                 0x080012d7   Thumb Code     0  startup_stm32f10x_hd.o(.text)
    DMA2_Channel4_5_IRQHandler               0x080012d7   Thumb Code     0  startup_stm32f10x_hd.o(.text)
    EXTI15_10_IRQHandler                     0x080012d7   Thumb Code     0  startup_stm32f10x_hd.o(.text)
    EXTI1_IRQHandler                         0x080012d7   Thumb Code     0  startup_stm32f10x_hd.o(.text)
    EXTI2_IRQHandler                         0x080012d7   Thumb Code     0  startup_stm32f10x_hd.o(.text)
    EXTI3_IRQHandler                         0x080012d7   Thumb Code     0  startup_stm32f10x_hd.o(.text)
    EXTI4_IRQHandler                         0x080012d7   Thumb Code     0  startup_stm32f10x_hd.o(.text)
    EXTI9_5_IRQHandler                       0x080012d7   Thumb Code     0  startup_stm32f10x_hd.o(.text)
    FLASH_IRQHandler                         0x080012d7   Thumb Code     0  startup_stm32f10x_hd.o(.text)
    FSMC_IRQHandler                          0x080012d7   Thumb Code     0  startup_stm32f10x_hd.o(.text)
    I2C1_ER_IRQHandler                       0x080012d7   Thumb Code     0  startup_stm32f10x_hd.o(.text)
    I2C1_EV_IRQHandler                       0x080012d7   Thumb Code     0  startup_stm32f10x_hd.o(.text)
    I2C2_ER_IRQHandler                       0x080012d7   Thumb Code     0  startup_stm32f10x_hd.o(.text)
    I2C2_EV_IRQHandler                       0x080012d7   Thumb Code     0  startup_stm32f10x_hd.o(.text)
    PVD_IRQHandler                           0x080012d7   Thumb Code     0  startup_stm32f10x_hd.o(.text)
    RCC_IRQHandler                           0x080012d7   Thumb Code     0  startup_stm32f10x_hd.o(.text)
    RTCAlarm_IRQHandler                      0x080012d7   Thumb Code     0  startup_stm32f10x_hd.o(.text)
    RTC_IRQHandler                           0x080012d7   Thumb Code     0  startup_stm32f10x_hd.o(.text)
    SDIO_IRQHandler                          0x080012d7   Thumb Code     0  startup_stm32f10x_hd.o(.text)
    SPI1_IRQHandler                          0x080012d7   Thumb Code     0  startup_stm32f10x_hd.o(.text)
    SPI2_IRQHandler                          0x080012d7   Thumb Code     0  startup_stm32f10x_hd.o(.text)
    SPI3_IRQHandler                          0x080012d7   Thumb Code     0  startup_stm32f10x_hd.o(.text)
    TAMPER_IRQHandler                        0x080012d7   Thumb Code     0  startup_stm32f10x_hd.o(.text)
    TIM1_BRK_IRQHandler                      0x080012d7   Thumb Code     0  startup_stm32f10x_hd.o(.text)
    TIM1_CC_IRQHandler                       0x080012d7   Thumb Code     0  startup_stm32f10x_hd.o(.text)
    TIM1_TRG_COM_IRQHandler                  0x080012d7   Thumb Code     0  startup_stm32f10x_hd.o(.text)
    TIM1_UP_IRQHandler                       0x080012d7   Thumb Code     0  startup_stm32f10x_hd.o(.text)
    TIM2_IRQHandler                          0x080012d7   Thumb Code     0  startup_stm32f10x_hd.o(.text)
    TIM4_IRQHandler                          0x080012d7   Thumb Code     0  startup_stm32f10x_hd.o(.text)
    TIM5_IRQHandler                          0x080012d7   Thumb Code     0  startup_stm32f10x_hd.o(.text)
    TIM6_IRQHandler                          0x080012d7   Thumb Code     0  startup_stm32f10x_hd.o(.text)
    TIM7_IRQHandler                          0x080012d7   Thumb Code     0  startup_stm32f10x_hd.o(.text)
    TIM8_BRK_IRQHandler                      0x080012d7   Thumb Code     0  startup_stm32f10x_hd.o(.text)
    TIM8_CC_IRQHandler                       0x080012d7   Thumb Code     0  startup_stm32f10x_hd.o(.text)
    TIM8_TRG_COM_IRQHandler                  0x080012d7   Thumb Code     0  startup_stm32f10x_hd.o(.text)
    TIM8_UP_IRQHandler                       0x080012d7   Thumb Code     0  startup_stm32f10x_hd.o(.text)
    UART4_IRQHandler                         0x080012d7   Thumb Code     0  startup_stm32f10x_hd.o(.text)
    UART5_IRQHandler                         0x080012d7   Thumb Code     0  startup_stm32f10x_hd.o(.text)
    USART2_IRQHandler                        0x080012d7   Thumb Code     0  startup_stm32f10x_hd.o(.text)
    USART3_IRQHandler                        0x080012d7   Thumb Code     0  startup_stm32f10x_hd.o(.text)
    USBWakeUp_IRQHandler                     0x080012d7   Thumb Code     0  startup_stm32f10x_hd.o(.text)
    USB_HP_CAN1_TX_IRQHandler                0x080012d7   Thumb Code     0  startup_stm32f10x_hd.o(.text)
    USB_LP_CAN1_RX0_IRQHandler               0x080012d7   Thumb Code     0  startup_stm32f10x_hd.o(.text)
    WWDG_IRQHandler                          0x080012d7   Thumb Code     0  startup_stm32f10x_hd.o(.text)
    __user_initial_stackheap                 0x080012d9   Thumb Code     0  startup_stm32f10x_hd.o(.text)
    GPIO_DeInit                              0x080012fd   Thumb Code   172  stm32f10x_gpio.o(.text)
    GPIO_AFIODeInit                          0x080013a9   Thumb Code    20  stm32f10x_gpio.o(.text)
    GPIO_Init                                0x080013bd   Thumb Code   278  stm32f10x_gpio.o(.text)
    GPIO_StructInit                          0x080014d3   Thumb Code    16  stm32f10x_gpio.o(.text)
    GPIO_ReadInputDataBit                    0x080014e3   Thumb Code    18  stm32f10x_gpio.o(.text)
    GPIO_ReadInputData                       0x080014f5   Thumb Code     8  stm32f10x_gpio.o(.text)
    GPIO_ReadOutputDataBit                   0x080014fd   Thumb Code    18  stm32f10x_gpio.o(.text)
    GPIO_ReadOutputData                      0x0800150f   Thumb Code     8  stm32f10x_gpio.o(.text)
    GPIO_SetBits                             0x08001517   Thumb Code     4  stm32f10x_gpio.o(.text)
    GPIO_ResetBits                           0x0800151b   Thumb Code     4  stm32f10x_gpio.o(.text)
    GPIO_WriteBit                            0x0800151f   Thumb Code    10  stm32f10x_gpio.o(.text)
    GPIO_Write                               0x08001529   Thumb Code     4  stm32f10x_gpio.o(.text)
    GPIO_PinLockConfig                       0x0800152d   Thumb Code    18  stm32f10x_gpio.o(.text)
    GPIO_EventOutputConfig                   0x0800153f   Thumb Code    26  stm32f10x_gpio.o(.text)
    GPIO_EventOutputCmd                      0x08001559   Thumb Code     6  stm32f10x_gpio.o(.text)
    GPIO_PinRemapConfig                      0x0800155f   Thumb Code   138  stm32f10x_gpio.o(.text)
    GPIO_EXTILineConfig                      0x080015e9   Thumb Code    66  stm32f10x_gpio.o(.text)
    GPIO_ETH_MediaInterfaceConfig            0x0800162b   Thumb Code     8  stm32f10x_gpio.o(.text)
    RCC_DeInit                               0x08001659   Thumb Code    64  stm32f10x_rcc.o(.text)
    RCC_HSEConfig                            0x08001699   Thumb Code    70  stm32f10x_rcc.o(.text)
    RCC_GetFlagStatus                        0x080016df   Thumb Code    56  stm32f10x_rcc.o(.text)
    RCC_WaitForHSEStartUp                    0x08001717   Thumb Code    56  stm32f10x_rcc.o(.text)
    RCC_AdjustHSICalibrationValue            0x0800174f   Thumb Code    20  stm32f10x_rcc.o(.text)
    RCC_HSICmd                               0x08001763   Thumb Code     6  stm32f10x_rcc.o(.text)
    RCC_PLLConfig                            0x08001769   Thumb Code    24  stm32f10x_rcc.o(.text)
    RCC_PLLCmd                               0x08001781   Thumb Code     6  stm32f10x_rcc.o(.text)
    RCC_SYSCLKConfig                         0x08001787   Thumb Code    18  stm32f10x_rcc.o(.text)
    RCC_GetSYSCLKSource                      0x08001799   Thumb Code    10  stm32f10x_rcc.o(.text)
    RCC_HCLKConfig                           0x080017a3   Thumb Code    18  stm32f10x_rcc.o(.text)
    RCC_PCLK1Config                          0x080017b5   Thumb Code    18  stm32f10x_rcc.o(.text)
    RCC_PCLK2Config                          0x080017c7   Thumb Code    20  stm32f10x_rcc.o(.text)
    RCC_ITConfig                             0x080017db   Thumb Code    26  stm32f10x_rcc.o(.text)
    RCC_USBCLKConfig                         0x080017f5   Thumb Code     8  stm32f10x_rcc.o(.text)
    RCC_ADCCLKConfig                         0x080017fd   Thumb Code    18  stm32f10x_rcc.o(.text)
    RCC_LSEConfig                            0x0800180f   Thumb Code    50  stm32f10x_rcc.o(.text)
    RCC_LSICmd                               0x08001841   Thumb Code     6  stm32f10x_rcc.o(.text)
    RCC_RTCCLKConfig                         0x08001847   Thumb Code    12  stm32f10x_rcc.o(.text)
    RCC_RTCCLKCmd                            0x08001853   Thumb Code     8  stm32f10x_rcc.o(.text)
    RCC_GetClocksFreq                        0x0800185b   Thumb Code   192  stm32f10x_rcc.o(.text)
    RCC_AHBPeriphClockCmd                    0x0800191b   Thumb Code    26  stm32f10x_rcc.o(.text)
    RCC_APB2PeriphClockCmd                   0x08001935   Thumb Code    26  stm32f10x_rcc.o(.text)
    RCC_APB1PeriphClockCmd                   0x0800194f   Thumb Code    26  stm32f10x_rcc.o(.text)
    RCC_APB2PeriphResetCmd                   0x08001969   Thumb Code    26  stm32f10x_rcc.o(.text)
    RCC_APB1PeriphResetCmd                   0x08001983   Thumb Code    26  stm32f10x_rcc.o(.text)
    RCC_BackupResetCmd                       0x0800199d   Thumb Code     8  stm32f10x_rcc.o(.text)
    RCC_ClockSecuritySystemCmd               0x080019a5   Thumb Code     6  stm32f10x_rcc.o(.text)
    RCC_MCOConfig                            0x080019ab   Thumb Code     6  stm32f10x_rcc.o(.text)
    RCC_ClearFlag                            0x080019b1   Thumb Code    14  stm32f10x_rcc.o(.text)
    RCC_GetITStatus                          0x080019bf   Thumb Code    20  stm32f10x_rcc.o(.text)
    RCC_ClearITPendingBit                    0x080019d3   Thumb Code     6  stm32f10x_rcc.o(.text)
    USART_DeInit                             0x080019fd   Thumb Code   134  stm32f10x_usart.o(.text)
    USART_Init                               0x08001a83   Thumb Code   210  stm32f10x_usart.o(.text)
    USART_StructInit                         0x08001b55   Thumb Code    24  stm32f10x_usart.o(.text)
    USART_ClockInit                          0x08001b6d   Thumb Code    34  stm32f10x_usart.o(.text)
    USART_ClockStructInit                    0x08001b8f   Thumb Code    12  stm32f10x_usart.o(.text)
    USART_Cmd                                0x08001b9b   Thumb Code    24  stm32f10x_usart.o(.text)
    USART_ITConfig                           0x08001bb3   Thumb Code    74  stm32f10x_usart.o(.text)
    USART_DMACmd                             0x08001bfd   Thumb Code    18  stm32f10x_usart.o(.text)
    USART_SetAddress                         0x08001c0f   Thumb Code    18  stm32f10x_usart.o(.text)
    USART_WakeUpConfig                       0x08001c21   Thumb Code    18  stm32f10x_usart.o(.text)
    USART_ReceiverWakeUpCmd                  0x08001c33   Thumb Code    24  stm32f10x_usart.o(.text)
    USART_LINBreakDetectLengthConfig         0x08001c4b   Thumb Code    18  stm32f10x_usart.o(.text)
    USART_LINCmd                             0x08001c5d   Thumb Code    24  stm32f10x_usart.o(.text)
    USART_SendData                           0x08001c75   Thumb Code     8  stm32f10x_usart.o(.text)
    USART_ReceiveData                        0x08001c7d   Thumb Code    10  stm32f10x_usart.o(.text)
    USART_SendBreak                          0x08001c87   Thumb Code    10  stm32f10x_usart.o(.text)
    USART_SetGuardTime                       0x08001c91   Thumb Code    16  stm32f10x_usart.o(.text)
    USART_SetPrescaler                       0x08001ca1   Thumb Code    16  stm32f10x_usart.o(.text)
    USART_SmartCardCmd                       0x08001cb1   Thumb Code    24  stm32f10x_usart.o(.text)
    USART_SmartCardNACKCmd                   0x08001cc9   Thumb Code    24  stm32f10x_usart.o(.text)
    USART_HalfDuplexCmd                      0x08001ce1   Thumb Code    24  stm32f10x_usart.o(.text)
    USART_OverSampling8Cmd                   0x08001cf9   Thumb Code    22  stm32f10x_usart.o(.text)
    USART_OneBitMethodCmd                    0x08001d0f   Thumb Code    24  stm32f10x_usart.o(.text)
    USART_IrDAConfig                         0x08001d27   Thumb Code    18  stm32f10x_usart.o(.text)
    USART_IrDACmd                            0x08001d39   Thumb Code    24  stm32f10x_usart.o(.text)
    USART_GetFlagStatus                      0x08001d51   Thumb Code    26  stm32f10x_usart.o(.text)
    USART_ClearFlag                          0x08001d6b   Thumb Code    18  stm32f10x_usart.o(.text)
    USART_GetITStatus                        0x08001d7d   Thumb Code    84  stm32f10x_usart.o(.text)
    USART_ClearITPendingBit                  0x08001dd1   Thumb Code    52  stm32f10x_usart.o(.text)
    NVIC_PriorityGroupConfig                 0x08001e05   Thumb Code    10  misc.o(.text)
    NVIC_Init                                0x08001e0f   Thumb Code   100  misc.o(.text)
    NVIC_SetVectorTable                      0x08001e73   Thumb Code    14  misc.o(.text)
    NVIC_SystemLPConfig                      0x08001e81   Thumb Code    34  misc.o(.text)
    SysTick_CLKSourceConfig                  0x08001ea3   Thumb Code    40  misc.o(.text)
    TIM_DeInit                               0x08001ee1   Thumb Code   424  stm32f10x_tim.o(.text)
    TIM_TimeBaseInit                         0x08002089   Thumb Code   122  stm32f10x_tim.o(.text)
    TIM_OC1Init                              0x08002103   Thumb Code   132  stm32f10x_tim.o(.text)
    TIM_OC2Init                              0x08002187   Thumb Code   154  stm32f10x_tim.o(.text)
    TIM_OC3Init                              0x08002221   Thumb Code   150  stm32f10x_tim.o(.text)
    TIM_OC4Init                              0x080022b7   Thumb Code   182  stm32f10x_tim.o(.text)
    TIM_SetIC4Prescaler                      0x0800236d   Thumb Code    26  stm32f10x_tim.o(.text)
    TIM_SetIC3Prescaler                      0x08002409   Thumb Code    18  stm32f10x_tim.o(.text)
    TIM_SetIC2Prescaler                      0x08002495   Thumb Code    26  stm32f10x_tim.o(.text)
    TIM_SetIC1Prescaler                      0x08002531   Thumb Code    18  stm32f10x_tim.o(.text)
    TIM_ICInit                               0x080025af   Thumb Code   150  stm32f10x_tim.o(.text)
    TIM_PWMIConfig                           0x08002645   Thumb Code   124  stm32f10x_tim.o(.text)
    TIM_BDTRConfig                           0x080026c1   Thumb Code    32  stm32f10x_tim.o(.text)
    TIM_TimeBaseStructInit                   0x080026e1   Thumb Code    18  stm32f10x_tim.o(.text)
    TIM_OCStructInit                         0x080026f3   Thumb Code    20  stm32f10x_tim.o(.text)
    TIM_ICStructInit                         0x08002707   Thumb Code    18  stm32f10x_tim.o(.text)
    TIM_BDTRStructInit                       0x08002719   Thumb Code    40  stm32f10x_tim.o(.text)
    TIM_Cmd                                  0x08002741   Thumb Code    24  stm32f10x_tim.o(.text)
    TIM_CtrlPWMOutputs                       0x08002759   Thumb Code    30  stm32f10x_tim.o(.text)
    TIM_ITConfig                             0x08002777   Thumb Code    18  stm32f10x_tim.o(.text)
    TIM_GenerateEvent                        0x08002789   Thumb Code     4  stm32f10x_tim.o(.text)
    TIM_DMAConfig                            0x0800278d   Thumb Code    10  stm32f10x_tim.o(.text)
    TIM_DMACmd                               0x08002797   Thumb Code    18  stm32f10x_tim.o(.text)
    TIM_InternalClockConfig                  0x080027a9   Thumb Code    12  stm32f10x_tim.o(.text)
    TIM_SelectInputTrigger                   0x080027b5   Thumb Code    18  stm32f10x_tim.o(.text)
    TIM_ITRxExternalClockConfig              0x080027c7   Thumb Code    24  stm32f10x_tim.o(.text)
    TIM_TIxExternalClockConfig               0x080027df   Thumb Code    62  stm32f10x_tim.o(.text)
    TIM_ETRConfig                            0x0800281d   Thumb Code    28  stm32f10x_tim.o(.text)
    TIM_ETRClockMode1Config                  0x08002839   Thumb Code    54  stm32f10x_tim.o(.text)
    TIM_ETRClockMode2Config                  0x0800286f   Thumb Code    32  stm32f10x_tim.o(.text)
    TIM_PrescalerConfig                      0x0800288f   Thumb Code     6  stm32f10x_tim.o(.text)
    TIM_CounterModeConfig                    0x08002895   Thumb Code    18  stm32f10x_tim.o(.text)
    TIM_EncoderInterfaceConfig               0x080028a7   Thumb Code    66  stm32f10x_tim.o(.text)
    TIM_ForcedOC1Config                      0x080028e9   Thumb Code    18  stm32f10x_tim.o(.text)
    TIM_ForcedOC2Config                      0x080028fb   Thumb Code    26  stm32f10x_tim.o(.text)
    TIM_ForcedOC3Config                      0x08002915   Thumb Code    18  stm32f10x_tim.o(.text)
    TIM_ForcedOC4Config                      0x08002927   Thumb Code    26  stm32f10x_tim.o(.text)
    TIM_ARRPreloadConfig                     0x08002941   Thumb Code    24  stm32f10x_tim.o(.text)
    TIM_SelectCOM                            0x08002959   Thumb Code    24  stm32f10x_tim.o(.text)
    TIM_SelectCCDMA                          0x08002971   Thumb Code    24  stm32f10x_tim.o(.text)
    TIM_CCPreloadControl                     0x08002989   Thumb Code    24  stm32f10x_tim.o(.text)
    TIM_OC1PreloadConfig                     0x080029a1   Thumb Code    18  stm32f10x_tim.o(.text)
    TIM_OC2PreloadConfig                     0x080029b3   Thumb Code    26  stm32f10x_tim.o(.text)
    TIM_OC3PreloadConfig                     0x080029cd   Thumb Code    18  stm32f10x_tim.o(.text)
    TIM_OC4PreloadConfig                     0x080029df   Thumb Code    26  stm32f10x_tim.o(.text)
    TIM_OC1FastConfig                        0x080029f9   Thumb Code    18  stm32f10x_tim.o(.text)
    TIM_OC2FastConfig                        0x08002a0b   Thumb Code    26  stm32f10x_tim.o(.text)
    TIM_OC3FastConfig                        0x08002a25   Thumb Code    18  stm32f10x_tim.o(.text)
    TIM_OC4FastConfig                        0x08002a37   Thumb Code    26  stm32f10x_tim.o(.text)
    TIM_ClearOC1Ref                          0x08002a51   Thumb Code    18  stm32f10x_tim.o(.text)
    TIM_ClearOC2Ref                          0x08002a63   Thumb Code    24  stm32f10x_tim.o(.text)
    TIM_ClearOC3Ref                          0x08002a7b   Thumb Code    18  stm32f10x_tim.o(.text)
    TIM_ClearOC4Ref                          0x08002a8d   Thumb Code    24  stm32f10x_tim.o(.text)
    TIM_OC1PolarityConfig                    0x08002aa5   Thumb Code    18  stm32f10x_tim.o(.text)
    TIM_OC1NPolarityConfig                   0x08002ab7   Thumb Code    18  stm32f10x_tim.o(.text)
    TIM_OC2PolarityConfig                    0x08002ac9   Thumb Code    26  stm32f10x_tim.o(.text)
    TIM_OC2NPolarityConfig                   0x08002ae3   Thumb Code    26  stm32f10x_tim.o(.text)
    TIM_OC3PolarityConfig                    0x08002afd   Thumb Code    26  stm32f10x_tim.o(.text)
    TIM_OC3NPolarityConfig                   0x08002b17   Thumb Code    26  stm32f10x_tim.o(.text)
    TIM_OC4PolarityConfig                    0x08002b31   Thumb Code    26  stm32f10x_tim.o(.text)
    TIM_CCxCmd                               0x08002b4b   Thumb Code    30  stm32f10x_tim.o(.text)
    TIM_CCxNCmd                              0x08002b69   Thumb Code    30  stm32f10x_tim.o(.text)
    TIM_SelectOCxM                           0x08002b87   Thumb Code    82  stm32f10x_tim.o(.text)
    TIM_UpdateDisableConfig                  0x08002bd9   Thumb Code    24  stm32f10x_tim.o(.text)
    TIM_UpdateRequestConfig                  0x08002bf1   Thumb Code    24  stm32f10x_tim.o(.text)
    TIM_SelectHallSensor                     0x08002c09   Thumb Code    24  stm32f10x_tim.o(.text)
    TIM_SelectOnePulseMode                   0x08002c21   Thumb Code    18  stm32f10x_tim.o(.text)
    TIM_SelectOutputTrigger                  0x08002c33   Thumb Code    18  stm32f10x_tim.o(.text)
    TIM_SelectSlaveMode                      0x08002c45   Thumb Code    18  stm32f10x_tim.o(.text)
    TIM_SelectMasterSlaveMode                0x08002c57   Thumb Code    18  stm32f10x_tim.o(.text)
    TIM_SetCounter                           0x08002c69   Thumb Code     4  stm32f10x_tim.o(.text)
    TIM_SetAutoreload                        0x08002c6d   Thumb Code     4  stm32f10x_tim.o(.text)
    TIM_SetCompare1                          0x08002c71   Thumb Code     4  stm32f10x_tim.o(.text)
    TIM_SetCompare2                          0x08002c75   Thumb Code     4  stm32f10x_tim.o(.text)
    TIM_SetCompare3                          0x08002c79   Thumb Code     4  stm32f10x_tim.o(.text)
    TIM_SetCompare4                          0x08002c7d   Thumb Code     6  stm32f10x_tim.o(.text)
    TIM_SetClockDivision                     0x08002c83   Thumb Code    18  stm32f10x_tim.o(.text)
    TIM_GetCapture1                          0x08002c95   Thumb Code     6  stm32f10x_tim.o(.text)
    TIM_GetCapture2                          0x08002c9b   Thumb Code     6  stm32f10x_tim.o(.text)
    TIM_GetCapture3                          0x08002ca1   Thumb Code     6  stm32f10x_tim.o(.text)
    TIM_GetCapture4                          0x08002ca7   Thumb Code     8  stm32f10x_tim.o(.text)
    TIM_GetCounter                           0x08002caf   Thumb Code     6  stm32f10x_tim.o(.text)
    TIM_GetPrescaler                         0x08002cb5   Thumb Code     6  stm32f10x_tim.o(.text)
    TIM_GetFlagStatus                        0x08002cbb   Thumb Code    18  stm32f10x_tim.o(.text)
    TIM_ClearFlag                            0x08002ccd   Thumb Code     6  stm32f10x_tim.o(.text)
    TIM_GetITStatus                          0x08002cd3   Thumb Code    34  stm32f10x_tim.o(.text)
    TIM_ClearITPendingBit                    0x08002cf5   Thumb Code     6  stm32f10x_tim.o(.text)
    EXTI_DeInit                              0x08002cfd   Thumb Code    28  stm32f10x_exti.o(.text)
    EXTI_Init                                0x08002d19   Thumb Code   142  stm32f10x_exti.o(.text)
    EXTI_StructInit                          0x08002da7   Thumb Code    16  stm32f10x_exti.o(.text)
    EXTI_GenerateSWInterrupt                 0x08002db7   Thumb Code    16  stm32f10x_exti.o(.text)
    EXTI_GetFlagStatus                       0x08002dc7   Thumb Code    22  stm32f10x_exti.o(.text)
    EXTI_ClearFlag                           0x08002ddd   Thumb Code     8  stm32f10x_exti.o(.text)
    EXTI_GetITStatus                         0x08002de5   Thumb Code    34  stm32f10x_exti.o(.text)
    EXTI_ClearITPendingBit                   0x08002e07   Thumb Code     8  stm32f10x_exti.o(.text)
    __use_no_semihosting                     0x08002e19   Thumb Code     2  use_no_semi_2.o(.text)
    __2sprintf                               0x08002e1d   Thumb Code    34  noretval__2sprintf.o(.text)
    _printf_pre_padding                      0x08002e45   Thumb Code    44  _printf_pad.o(.text)
    _printf_post_padding                     0x08002e71   Thumb Code    34  _printf_pad.o(.text)
    _printf_int_dec                          0x08002e95   Thumb Code   100  _printf_dec.o(.text)
    __printf                                 0x08002f09   Thumb Code   308  __printf_flags_wp.o(.text)
    __use_two_region_memory                  0x08003041   Thumb Code     2  heapauxi.o(.text)
    __rt_heap_escrow$2region                 0x08003043   Thumb Code     2  heapauxi.o(.text)
    __rt_heap_expand$2region                 0x08003045   Thumb Code     2  heapauxi.o(.text)
    __I$use$semihosting                      0x08003047   Thumb Code     0  use_no_semi.o(.text)
    __use_no_semihosting_swi                 0x08003047   Thumb Code     2  use_no_semi.o(.text)
    _printf_int_common                       0x08003049   Thumb Code   178  _printf_intcommon.o(.text)
    __lib_sel_fp_printf                      0x080030fb   Thumb Code     2  _printf_fp_dec.o(.text)
    _printf_fp_dec_real                      0x080032a9   Thumb Code   616  _printf_fp_dec.o(.text)
    _printf_char_common                      0x0800351b   Thumb Code    32  _printf_char_common.o(.text)
    _sputc                                   0x08003541   Thumb Code    10  _sputc.o(.text)
    __rt_locale                              0x0800354d   Thumb Code     8  rt_locale_intlibspace.o(.text)
    _ll_udiv10                               0x08003555   Thumb Code   138  lludiv10.o(.text)
    _printf_fp_infnan                        0x080035e1   Thumb Code   112  _printf_fp_infnan.o(.text)
    _btod_etento                             0x08003661   Thumb Code   212  bigflt0.o(.text)
    __user_libspace                          0x08003739   Thumb Code     8  libspace.o(.text)
    __user_perproc_libspace                  0x08003739   Thumb Code     0  libspace.o(.text)
    __user_perthread_libspace                0x08003739   Thumb Code     0  libspace.o(.text)
    __user_setup_stackheap                   0x08003741   Thumb Code    74  sys_stackheap_outer.o(.text)
    exit                                     0x0800378b   Thumb Code    12  exit.o(.text)
    strcmp                                   0x08003799   Thumb Code   128  strcmpv7m.o(.text)
    _btod_d2e                                0x08003819   Thumb Code    62  btod.o(CL$$btod_d2e)
    _d2e_denorm_low                          0x08003857   Thumb Code    70  btod.o(CL$$btod_d2e_denorm_low)
    _d2e_norm_op1                            0x0800389d   Thumb Code    96  btod.o(CL$$btod_d2e_norm_op1)
    __btod_div_common                        0x080038fd   Thumb Code   696  btod.o(CL$$btod_div_common)
    _e2e                                     0x08003c35   Thumb Code   198  btod.o(CL$$btod_e2e)
    _btod_ediv                               0x08003cfb   Thumb Code    40  btod.o(CL$$btod_ediv)
    _btod_emul                               0x08003d23   Thumb Code    40  btod.o(CL$$btod_emul)
    __btod_mult_common                       0x08003d4b   Thumb Code   580  btod.o(CL$$btod_mult_common)
    __ARM_fpclassify                         0x08003f8f   Thumb Code    40  fpclassify.o(i.__ARM_fpclassify)
    _is_digit                                0x08003fb7   Thumb Code    14  __printf_wp.o(i._is_digit)
    _get_lc_numeric                          0x08003fc5   Thumb Code    44  lc_numeric_c.o(locale$$code)
    __aeabi_d2f                              0x08003ff1   Thumb Code     0  d2f.o(x$fpl$d2f)
    _d2f                                     0x08003ff1   Thumb Code    98  d2f.o(x$fpl$d2f)
    __aeabi_d2iz                             0x08004055   Thumb Code     0  dfix.o(x$fpl$dfix)
    _dfix                                    0x08004055   Thumb Code    94  dfix.o(x$fpl$dfix)
    __aeabi_ui2d                             0x080040b3   Thumb Code     0  dflt_clz.o(x$fpl$dfltu)
    _dfltu                                   0x080040b3   Thumb Code    38  dflt_clz.o(x$fpl$dfltu)
    __aeabi_dmul                             0x080040d9   Thumb Code     0  dmul.o(x$fpl$dmul)
    _dmul                                    0x080040d9   Thumb Code   332  dmul.o(x$fpl$dmul)
    __fpl_dnaninf                            0x0800422d   Thumb Code   156  dnaninf.o(x$fpl$dnaninf)
    __fpl_dretinf                            0x080042c9   Thumb Code    12  dretinf.o(x$fpl$dretinf)
    __aeabi_f2d                              0x080042d5   Thumb Code     0  f2d.o(x$fpl$f2d)
    _f2d                                     0x080042d5   Thumb Code    86  f2d.o(x$fpl$f2d)
    __fpl_fcmp_Inf                           0x0800432b   Thumb Code    24  fcmpi.o(x$fpl$fcmpinf)
    __aeabi_fdiv                             0x08004345   Thumb Code     0  fdiv.o(x$fpl$fdiv)
    _fdiv                                    0x08004345   Thumb Code   384  fdiv.o(x$fpl$fdiv)
    __aeabi_i2f                              0x080044c9   Thumb Code     0  fflt_clz.o(x$fpl$fflt)
    _fflt                                    0x080044c9   Thumb Code    48  fflt_clz.o(x$fpl$fflt)
    __aeabi_cfcmple                          0x080044f9   Thumb Code     0  fleqf.o(x$fpl$fleqf)
    _fcmple                                  0x080044f9   Thumb Code   104  fleqf.o(x$fpl$fleqf)
    __fpl_fcmple_InfNaN                      0x0800454b   Thumb Code     0  fleqf.o(x$fpl$fleqf)
    __fpl_fnaninf                            0x08004561   Thumb Code   140  fnaninf.o(x$fpl$fnaninf)
    __fpl_fretinf                            0x080045ed   Thumb Code    10  fretinf.o(x$fpl$fretinf)
    __aeabi_cfrcmple                         0x080045f7   Thumb Code     0  frleqf.o(x$fpl$frleqf)
    _frcmple                                 0x080045f7   Thumb Code    98  frleqf.o(x$fpl$frleqf)
    _printf_fp_dec                           0x08004659   Thumb Code     4  printf1.o(x$fpl$printf1)
    __I$use$fp                               0x0800465c   Number         0  usenofp.o(x$fpl$usenofp)
    Region$$Table$$Base                      0x08004704   Number         0  anon$$obj.o(Region$$Table)
    Region$$Table$$Limit                     0x08004724   Number         0  anon$$obj.o(Region$$Table)
    ReadAdxl345                              0x20000000   Data           1  main.o(.data)
    ErrorNum                                 0x20000001   Data           1  main.o(.data)
    CheckNum                                 0x20000002   Data           1  main.o(.data)
    count                                    0x20000003   Data           1  main.o(.data)
    xinLater                                 0x20000004   Data           4  main.o(.data)
    xinLv                                    0x20000008   Data           4  main.o(.data)
    BuShu                                    0x2000000c   Data           4  main.o(.data)
    Normal_num                               0x20000010   Data           4  main.o(.data)
    Error_num                                0x20000014   Data           4  main.o(.data)
    disBuShu                                 0x20000018   Data           4  main.o(.data)
    disJuLi                                  0x2000001c   Data           4  main.o(.data)
    temperature                              0x20000020   Data           4  main.o(.data)
    readTemp                                 0x20000024   Data           1  main.o(.data)
    SystemCoreClock                          0x20000028   Data           4  system_stm32f10x.o(.data)
    AHBPrescTable                            0x2000002c   Data          16  system_stm32f10x.o(.data)
    BUF                                      0x2000003c   Data           8  adxl345.o(.data)
    ge                                       0x20000044   Data           1  adxl345.o(.data)
    shi                                      0x20000045   Data           1  adxl345.o(.data)
    bai                                      0x20000046   Data           1  adxl345.o(.data)
    qian                                     0x20000047   Data           1  adxl345.o(.data)
    wan                                      0x20000048   Data           1  adxl345.o(.data)
    err                                      0x20000049   Data           1  adxl345.o(.data)
    temp_X                                   0x2000004c   Data           4  adxl345.o(.data)
    temp_Y                                   0x20000050   Data           4  adxl345.o(.data)
    temp_Z                                   0x20000054   Data           4  adxl345.o(.data)
    time5ms                                  0x20000058   Data           4  timer.o(.data)
    disFlag                                  0x2000005c   Data           1  timer.o(.data)
    dis0                                     0x20000078   Data          16  main.o(.bss)
    dis1                                     0x20000088   Data          35  main.o(.bss)
    xlTab                                    0x200000ac   Data          20  main.o(.bss)
    __libspace_start                         0x200000c0   Data          96  libspace.o(.bss)
    __temporary_stack_top$libspace           0x20000120   Data           0  libspace.o(.bss)



==============================================================================

Memory Map of the image

  Image Entry point : 0x08000131

  Load Region LR_IROM1 (Base: 0x08000000, Size: 0x000047b8, Max: 0x00040000, ABSOLUTE)

    Execution Region ER_IROM1 (Base: 0x08000000, Size: 0x00004740, Max: 0x00040000, ABSOLUTE)

    Base Addr    Size         Type   Attr      Idx    E Section Name        Object

    0x08000000   0x00000130   Data   RO          307    RESET               startup_stm32f10x_hd.o
    0x08000130   0x00000008   Code   RO          437  * !!!main             c_w.l(__main.o)
    0x08000138   0x00000034   Code   RO          686    !!!scatter          c_w.l(__scatter.o)
    0x0800016c   0x0000001a   Code   RO          688    !!handler_copy      c_w.l(__scatter_copy.o)
    0x08000186   0x00000002   PAD
    0x08000188   0x0000001c   Code   RO          690    !!handler_zi        c_w.l(__scatter_zi.o)
    0x080001a4   0x00000000   Code   RO          434    .ARM.Collect$$_printf_percent$$00000000  c_w.l(_printf_percent.o)
    0x080001a4   0x00000006   Code   RO          433    .ARM.Collect$$_printf_percent$$00000003  c_w.l(_printf_f.o)
    0x080001aa   0x00000006   Code   RO          432    .ARM.Collect$$_printf_percent$$00000009  c_w.l(_printf_d.o)
    0x080001b0   0x00000004   Code   RO          482    .ARM.Collect$$_printf_percent$$00000017  c_w.l(_printf_percent_end.o)
    0x080001b4   0x00000002   Code   RO          566    .ARM.Collect$$libinit$$00000000  c_w.l(libinit.o)
    0x080001b6   0x00000000   Code   RO          568    .ARM.Collect$$libinit$$00000002  c_w.l(libinit2.o)
    0x080001b6   0x00000000   Code   RO          571    .ARM.Collect$$libinit$$00000008  c_w.l(libinit2.o)
    0x080001b6   0x00000000   Code   RO          573    .ARM.Collect$$libinit$$0000000A  c_w.l(libinit2.o)
    0x080001b6   0x00000000   Code   RO          575    .ARM.Collect$$libinit$$0000000C  c_w.l(libinit2.o)
    0x080001b6   0x00000006   Code   RO          576    .ARM.Collect$$libinit$$0000000D  c_w.l(libinit2.o)
    0x080001bc   0x00000000   Code   RO          578    .ARM.Collect$$libinit$$0000000F  c_w.l(libinit2.o)
    0x080001bc   0x00000000   Code   RO          580    .ARM.Collect$$libinit$$00000011  c_w.l(libinit2.o)
    0x080001bc   0x00000000   Code   RO          582    .ARM.Collect$$libinit$$00000013  c_w.l(libinit2.o)
    0x080001bc   0x0000000a   Code   RO          583    .ARM.Collect$$libinit$$00000014  c_w.l(libinit2.o)
    0x080001c6   0x00000000   Code   RO          584    .ARM.Collect$$libinit$$00000015  c_w.l(libinit2.o)
    0x080001c6   0x00000000   Code   RO          586    .ARM.Collect$$libinit$$00000017  c_w.l(libinit2.o)
    0x080001c6   0x00000000   Code   RO          588    .ARM.Collect$$libinit$$00000019  c_w.l(libinit2.o)
    0x080001c6   0x00000000   Code   RO          590    .ARM.Collect$$libinit$$0000001B  c_w.l(libinit2.o)
    0x080001c6   0x00000000   Code   RO          592    .ARM.Collect$$libinit$$0000001D  c_w.l(libinit2.o)
    0x080001c6   0x00000000   Code   RO          594    .ARM.Collect$$libinit$$0000001F  c_w.l(libinit2.o)
    0x080001c6   0x00000000   Code   RO          596    .ARM.Collect$$libinit$$00000021  c_w.l(libinit2.o)
    0x080001c6   0x00000000   Code   RO          598    .ARM.Collect$$libinit$$00000023  c_w.l(libinit2.o)
    0x080001c6   0x00000000   Code   RO          602    .ARM.Collect$$libinit$$0000002A  c_w.l(libinit2.o)
    0x080001c6   0x00000000   Code   RO          604    .ARM.Collect$$libinit$$0000002C  c_w.l(libinit2.o)
    0x080001c6   0x00000000   Code   RO          606    .ARM.Collect$$libinit$$0000002E  c_w.l(libinit2.o)
    0x080001c6   0x00000000   Code   RO          608    .ARM.Collect$$libinit$$00000030  c_w.l(libinit2.o)
    0x080001c6   0x00000002   Code   RO          609    .ARM.Collect$$libinit$$00000031  c_w.l(libinit2.o)
    0x080001c8   0x00000002   Code   RO          637    .ARM.Collect$$libshutdown$$00000000  c_w.l(libshutdown.o)
    0x080001ca   0x00000000   Code   RO          647    .ARM.Collect$$libshutdown$$00000003  c_w.l(libshutdown2.o)
    0x080001ca   0x00000000   Code   RO          650    .ARM.Collect$$libshutdown$$00000006  c_w.l(libshutdown2.o)
    0x080001ca   0x00000000   Code   RO          653    .ARM.Collect$$libshutdown$$00000009  c_w.l(libshutdown2.o)
    0x080001ca   0x00000000   Code   RO          655    .ARM.Collect$$libshutdown$$0000000B  c_w.l(libshutdown2.o)
    0x080001ca   0x00000000   Code   RO          658    .ARM.Collect$$libshutdown$$0000000E  c_w.l(libshutdown2.o)
    0x080001ca   0x00000002   Code   RO          659    .ARM.Collect$$libshutdown$$0000000F  c_w.l(libshutdown2.o)
    0x080001cc   0x00000000   Code   RO          473    .ARM.Collect$$rtentry$$00000000  c_w.l(rtentry.o)
    0x080001cc   0x00000000   Code   RO          495    .ARM.Collect$$rtentry$$00000002  c_w.l(rtentry2.o)
    0x080001cc   0x00000006   Code   RO          507    .ARM.Collect$$rtentry$$00000004  c_w.l(rtentry4.o)
    0x080001d2   0x00000000   Code   RO          497    .ARM.Collect$$rtentry$$00000009  c_w.l(rtentry2.o)
    0x080001d2   0x00000004   Code   RO          498    .ARM.Collect$$rtentry$$0000000A  c_w.l(rtentry2.o)
    0x080001d6   0x00000000   Code   RO          500    .ARM.Collect$$rtentry$$0000000C  c_w.l(rtentry2.o)
    0x080001d6   0x00000008   Code   RO          501    .ARM.Collect$$rtentry$$0000000D  c_w.l(rtentry2.o)
    0x080001de   0x00000002   Code   RO          610    .ARM.Collect$$rtexit$$00000000  c_w.l(rtexit.o)
    0x080001e0   0x00000000   Code   RO          617    .ARM.Collect$$rtexit$$00000002  c_w.l(rtexit2.o)
    0x080001e0   0x00000004   Code   RO          618    .ARM.Collect$$rtexit$$00000003  c_w.l(rtexit2.o)
    0x080001e4   0x00000006   Code   RO          619    .ARM.Collect$$rtexit$$00000004  c_w.l(rtexit2.o)
    0x080001ea   0x00000002   PAD
    0x080001ec   0x000001e0   Code   RO            1    .text               main.o
    0x080003cc   0x0000001a   Code   RO           94    .text               stm32f10x_it.o
    0x080003e6   0x00000002   PAD
    0x080003e8   0x000001e0   Code   RO          132    .text               system_stm32f10x.o
    0x080005c8   0x00000398   Code   RO          150    .text               adxl345.o
    0x08000960   0x00000320   Code   RO          168    .text               lcd1602.o
    0x08000c80   0x0000025c   Code   RO          180    .text               ds18b20.o
    0x08000edc   0x0000002c   Code   RO          192    .text               led.o
    0x08000f08   0x000000cc   Code   RO          204    .text               timer.o
    0x08000fd4   0x00000028   Code   RO          224    .text               key.o
    0x08000ffc   0x000000dc   Code   RO          236    .text               exti.o
    0x080010d8   0x000000d4   Code   RO          249    .text               delay.o
    0x080011ac   0x00000110   Code   RO          275    .text               usart.o
    0x080012bc   0x00000040   Code   RO          308    .text               startup_stm32f10x_hd.o
    0x080012fc   0x0000035c   Code   RO          312    .text               stm32f10x_gpio.o
    0x08001658   0x000003a4   Code   RO          324    .text               stm32f10x_rcc.o
    0x080019fc   0x00000408   Code   RO          338    .text               stm32f10x_usart.o
    0x08001e04   0x000000dc   Code   RO          350    .text               misc.o
    0x08001ee0   0x00000e1a   Code   RO          374    .text               stm32f10x_tim.o
    0x08002cfa   0x00000002   PAD
    0x08002cfc   0x0000011c   Code   RO          386    .text               stm32f10x_exti.o
    0x08002e18   0x00000002   Code   RO          400    .text               c_w.l(use_no_semi_2.o)
    0x08002e1a   0x00000002   PAD
    0x08002e1c   0x00000028   Code   RO          404    .text               c_w.l(noretval__2sprintf.o)
    0x08002e44   0x0000004e   Code   RO          408    .text               c_w.l(_printf_pad.o)
    0x08002e92   0x00000002   PAD
    0x08002e94   0x00000074   Code   RO          410    .text               c_w.l(_printf_dec.o)
    0x08002f08   0x00000138   Code   RO          424    .text               c_w.l(__printf_flags_wp.o)
    0x08003040   0x00000006   Code   RO          435    .text               c_w.l(heapauxi.o)
    0x08003046   0x00000002   Code   RO          471    .text               c_w.l(use_no_semi.o)
    0x08003048   0x000000b2   Code   RO          474    .text               c_w.l(_printf_intcommon.o)
    0x080030fa   0x00000416   Code   RO          476    .text               c_w.l(_printf_fp_dec.o)
    0x08003510   0x00000030   Code   RO          478    .text               c_w.l(_printf_char_common.o)
    0x08003540   0x0000000a   Code   RO          480    .text               c_w.l(_sputc.o)
    0x0800354a   0x00000002   PAD
    0x0800354c   0x00000008   Code   RO          512    .text               c_w.l(rt_locale_intlibspace.o)
    0x08003554   0x0000008a   Code   RO          514    .text               c_w.l(lludiv10.o)
    0x080035de   0x00000002   PAD
    0x080035e0   0x00000080   Code   RO          516    .text               c_w.l(_printf_fp_infnan.o)
    0x08003660   0x000000d8   Code   RO          520    .text               c_w.l(bigflt0.o)
    0x08003738   0x00000008   Code   RO          552    .text               c_w.l(libspace.o)
    0x08003740   0x0000004a   Code   RO          555    .text               c_w.l(sys_stackheap_outer.o)
    0x0800378a   0x0000000c   Code   RO          557    .text               c_w.l(exit.o)
    0x08003796   0x00000002   PAD
    0x08003798   0x00000080   Code   RO          559    .text               c_w.l(strcmpv7m.o)
    0x08003818   0x0000003e   Code   RO          523    CL$$btod_d2e        c_w.l(btod.o)
    0x08003856   0x00000046   Code   RO          525    CL$$btod_d2e_denorm_low  c_w.l(btod.o)
    0x0800389c   0x00000060   Code   RO          524    CL$$btod_d2e_norm_op1  c_w.l(btod.o)
    0x080038fc   0x00000338   Code   RO          533    CL$$btod_div_common  c_w.l(btod.o)
    0x08003c34   0x000000c6   Code   RO          530    CL$$btod_e2e        c_w.l(btod.o)
    0x08003cfa   0x00000028   Code   RO          527    CL$$btod_ediv       c_w.l(btod.o)
    0x08003d22   0x00000028   Code   RO          526    CL$$btod_emul       c_w.l(btod.o)
    0x08003d4a   0x00000244   Code   RO          532    CL$$btod_mult_common  c_w.l(btod.o)
    0x08003f8e   0x00000028   Code   RO          550    i.__ARM_fpclassify  m_ws.l(fpclassify.o)
    0x08003fb6   0x0000000e   Code   RO          422    i._is_digit         c_w.l(__printf_wp.o)
    0x08003fc4   0x0000002c   Code   RO          546    locale$$code        c_w.l(lc_numeric_c.o)
    0x08003ff0   0x00000062   Code   RO          439    x$fpl$d2f           fz_ws.l(d2f.o)
    0x08004052   0x00000002   PAD
    0x08004054   0x0000005e   Code   RO          441    x$fpl$dfix          fz_ws.l(dfix.o)
    0x080040b2   0x00000026   Code   RO          445    x$fpl$dfltu         fz_ws.l(dflt_clz.o)
    0x080040d8   0x00000154   Code   RO          451    x$fpl$dmul          fz_ws.l(dmul.o)
    0x0800422c   0x0000009c   Code   RO          483    x$fpl$dnaninf       fz_ws.l(dnaninf.o)
    0x080042c8   0x0000000c   Code   RO          485    x$fpl$dretinf       fz_ws.l(dretinf.o)
    0x080042d4   0x00000056   Code   RO          453    x$fpl$f2d           fz_ws.l(f2d.o)
    0x0800432a   0x00000018   Code   RO          487    x$fpl$fcmpinf       fz_ws.l(fcmpi.o)
    0x08004342   0x00000002   PAD
    0x08004344   0x00000184   Code   RO          456    x$fpl$fdiv          fz_ws.l(fdiv.o)
    0x080044c8   0x00000030   Code   RO          460    x$fpl$fflt          fz_ws.l(fflt_clz.o)
    0x080044f8   0x00000068   Code   RO          465    x$fpl$fleqf         fz_ws.l(fleqf.o)
    0x08004560   0x0000008c   Code   RO          489    x$fpl$fnaninf       fz_ws.l(fnaninf.o)
    0x080045ec   0x0000000a   Code   RO          491    x$fpl$fretinf       fz_ws.l(fretinf.o)
    0x080045f6   0x00000062   Code   RO          467    x$fpl$frleqf        fz_ws.l(frleqf.o)
    0x08004658   0x00000004   Code   RO          469    x$fpl$printf1       fz_ws.l(printf1.o)
    0x0800465c   0x00000000   Code   RO          493    x$fpl$usenofp       fz_ws.l(usenofp.o)
    0x0800465c   0x00000011   Data   RO          425    .constdata          c_w.l(__printf_flags_wp.o)
    0x0800466d   0x00000003   PAD
    0x08004670   0x00000094   Data   RO          521    .constdata          c_w.l(bigflt0.o)
    0x08004704   0x00000020   Data   RO          684    Region$$Table       anon$$obj.o
    0x08004724   0x0000001c   Data   RO          545    locale$$data        c_w.l(lc_numeric_c.o)


    Execution Region RW_IRAM1 (Base: 0x20000000, Size: 0x00000720, Max: 0x0000c000, ABSOLUTE)

    Base Addr    Size         Type   Attr      Idx    E Section Name        Object

    0x20000000   0x00000025   Data   RW            3    .data               main.o
    0x20000025   0x00000003   PAD
    0x20000028   0x00000014   Data   RW          133    .data               system_stm32f10x.o
    0x2000003c   0x0000001c   Data   RW          151    .data               adxl345.o
    0x20000058   0x00000005   Data   RW          205    .data               timer.o
    0x2000005d   0x00000001   PAD
    0x2000005e   0x00000004   Data   RW          250    .data               delay.o
    0x20000062   0x00000014   Data   RW          325    .data               stm32f10x_rcc.o
    0x20000076   0x00000002   PAD
    0x20000078   0x00000048   Zero   RW            2    .bss                main.o
    0x200000c0   0x00000060   Zero   RW          553    .bss                c_w.l(libspace.o)
    0x20000120   0x00000200   Zero   RW          306    HEAP                startup_stm32f10x_hd.o
    0x20000320   0x00000400   Zero   RW          305    STACK               startup_stm32f10x_hd.o


==============================================================================

Image component sizes


      Code (inc. data)   RO Data    RW Data    ZI Data      Debug   Object Name

       920         30          0         28          0       4381   adxl345.o
         0          0          0          0          0         32   core_cm3.o
       212         18          0          4          0       1071   delay.o
       604         18          0          0          0       2511   ds18b20.o
       220         16          0          0          0        754   exti.o
        40          6          0          0          0        507   key.o
       800          4          0          0          0       2471   lcd1602.o
        44          4          0          0          0        507   led.o
       480        118          0         37         72     256965   main.o
       220         22          0          0          0       1857   misc.o
        64         26        304          0       1536        812   startup_stm32f10x_hd.o
       284         10          0          0          0       2287   stm32f10x_exti.o
       860         38          0          0          0       5701   stm32f10x_gpio.o
        26          0          0          0          0       1206   stm32f10x_it.o
       932         36          0         20          0       8896   stm32f10x_rcc.o
      3610         88          0          0          0      22184   stm32f10x_tim.o
      1032         22          0          0          0       8424   stm32f10x_usart.o
       480         38          0         20          0       1823   system_stm32f10x.o
       204         26          0          5          0       1118   timer.o
       272         10          0          0          0       3158   usart.o

    ----------------------------------------------------------------------
     11308        530        336        120       1608     326665   Object Totals
         0          0         32          0          0          0   (incl. Generated)
         4          0          0          6          0          0   (incl. Padding)

    ----------------------------------------------------------------------

      Code (inc. data)   RO Data    RW Data    ZI Data      Debug   Library Member Name

         8          0          0          0          0         68   __main.o
       312          4         17          0          0         92   __printf_flags_wp.o
        14          0          0          0          0         68   __printf_wp.o
        52          8          0          0          0          0   __scatter.o
        26          0          0          0          0          0   __scatter_copy.o
        28          0          0          0          0          0   __scatter_zi.o
        48          6          0          0          0         96   _printf_char_common.o
         6          0          0          0          0          0   _printf_d.o
       116         16          0          0          0         92   _printf_dec.o
         6          0          0          0          0          0   _printf_f.o
      1046          0          0          0          0        216   _printf_fp_dec.o
       128         16          0          0          0         84   _printf_fp_infnan.o
       178          0          0          0          0         88   _printf_intcommon.o
        78          0          0          0          0        108   _printf_pad.o
         0          0          0          0          0          0   _printf_percent.o
         4          0          0          0          0          0   _printf_percent_end.o
        10          0          0          0          0         68   _sputc.o
       216          4        148          0          0         96   bigflt0.o
      1910        128          0          0          0        672   btod.o
        12          0          0          0          0         72   exit.o
         6          0          0          0          0        152   heapauxi.o
        44         10         28          0          0         76   lc_numeric_c.o
         2          0          0          0          0          0   libinit.o
        18          0          0          0          0          0   libinit2.o
         2          0          0          0          0          0   libshutdown.o
         2          0          0          0          0          0   libshutdown2.o
         8          4          0          0         96         68   libspace.o
       138          0          0          0          0         80   lludiv10.o
        40          6          0          0          0         84   noretval__2sprintf.o
         8          4          0          0          0         68   rt_locale_intlibspace.o
         0          0          0          0          0          0   rtentry.o
        12          0          0          0          0          0   rtentry2.o
         6          0          0          0          0          0   rtentry4.o
         2          0          0          0          0          0   rtexit.o
        10          0          0          0          0          0   rtexit2.o
       128          0          0          0          0         68   strcmpv7m.o
        74          0          0          0          0         80   sys_stackheap_outer.o
         2          0          0          0          0         68   use_no_semi.o
         2          0          0          0          0         68   use_no_semi_2.o
        98          4          0          0          0         92   d2f.o
        94          4          0          0          0         92   dfix.o
        38          0          0          0          0         68   dflt_clz.o
       340         12          0          0          0        104   dmul.o
       156          4          0          0          0         92   dnaninf.o
        12          0          0          0          0         68   dretinf.o
        86          4          0          0          0         84   f2d.o
        24          0          0          0          0         68   fcmpi.o
       388         76          0          0          0         96   fdiv.o
        48          0          0          0          0         68   fflt_clz.o
       104          4          0          0          0         84   fleqf.o
       140          4          0          0          0         84   fnaninf.o
        10          0          0          0          0         68   fretinf.o
        98          0          0          0          0         68   frleqf.o
         4          0          0          0          0         68   printf1.o
         0          0          0          0          0          0   usenofp.o
        40          0          0          0          0         68   fpclassify.o

    ----------------------------------------------------------------------
      6400        318        196          0         96       3904   Library Totals
        18          0          3          0          0          0   (incl. Padding)

    ----------------------------------------------------------------------

      Code (inc. data)   RO Data    RW Data    ZI Data      Debug   Library Name

      4702        206        193          0         96       2632   c_w.l
      1640        112          0          0          0       1204   fz_ws.l
        40          0          0          0          0         68   m_ws.l

    ----------------------------------------------------------------------
      6400        318        196          0         96       3904   Library Totals

    ----------------------------------------------------------------------

==============================================================================


      Code (inc. data)   RO Data    RW Data    ZI Data      Debug   

     17708        848        532        120       1704     326977   Grand Totals
     17708        848        532        120       1704     326977   ELF Image Totals
     17708        848        532        120          0          0   ROM Totals

==============================================================================

    Total RO  Size (Code + RO Data)                18240 (  17.81kB)
    Total RW  Size (RW Data + ZI Data)              1824 (   1.78kB)
    Total ROM Size (Code + RO Data + RW Data)      18360 (  17.93kB)

==============================================================================

