<html>
<body>
<pre>
<h1>礦ision Build Log</h1>
<h2>Tool Versions:</h2>
IDE-Version: μVision V5.16a
Copyright (C) 2015 ARM Ltd and ARM Germany GmbH. All rights reserved.
License Information: 1 1, 1, LIC=S5IHL-0F8MZ-77URP-M9G9I-F08QC-U7NJN
 
Tool Versions:
Toolchain:       MDK-ARM Professional  Version: 5.16a
Toolchain Path:  C:\Keil_v5\ARM\ARMCC\Bin
C Compiler:      Armcc.exe V5.06 (build 20)
Assembler:       Armasm.exe V5.06 (build 20)
Linker/Locator:  ArmLink.exe V5.06 (build 20)
Library Manager: ArmAr.exe V5.06 (build 20)
Hex Converter:   FromElf.exe V5.06 (build 20)
CPU DLL:         SARMCM3.DLL V5.16a
Dialog DLL:      DARMSTM.DLL V1.65.0.0
Target DLL:      Segger\JL2CM3.dll V2.99.15.2
Dialog DLL:      TARMSTM.DLL V1.64.0.0
 
<h2>Project:</h2>
C:\Users\Administrator.PC-201706110801\Desktop\SLM\新版MiniBalanceV3.5【大功率版】平衡小车源码（卡尔曼滤波版 默认搭载） - 副本\PCB-MiniBalanceV3.5【大功率版】平衡小车源码（卡尔曼滤波版 默认搭载） - 副本\USER\Minibalance.uvprojx
Project File Date:  03/18/2017

<h2>Output:</h2>
*** Using Compiler 'V5.06 (build 20)', folder: 'C:\Keil_v5\ARM\ARMCC\Bin'
Rebuild target 'Target 1'
assembling startup_stm32f10x_md.s...
compiling Minibalance.c...
compiling delay.c...
compiling usart.c...
compiling sys.c...
compiling LED.C...
compiling key.c...
compiling oled.c...
compiling adc.c...
compiling timer.c...
compiling encoder.c...
compiling motor.c...
compiling IOI2C.c...
compiling usart3.c...
compiling exti.c...
compiling control.c...
compiling inv_mpu_dmp_motion_driver.c...
compiling inv_mpu.c...
compiling filter.c...
compiling DataScope_DP.C...
compiling MPU6050.c...
compiling show.c...
linking...
Program Size: Code=33586 RO-data=6398 RW-data=376 ZI-data=2880  
FromELF: creating hex file...
"..\OBJ\Minibalance.axf" - 0 Error(s), 0 Warning(s).

<h2>Collection of Component include folders:</h2>
  C:\Users\Administrator.PC-201706110801\Desktop\SLM\新版MiniBalanceV3.5【大功率版】平衡小车源码（卡尔曼滤波版 默认搭载） - 副本\PCB-MiniBalanceV3.5【大功率版】平衡小车源码（卡尔曼滤波版 默认搭载） - 副本\USER\RTE
  C:\Keil_v5\ARM\PACK\Keil\STM32F1xx_DFP\1.0.2\Device\Include

<h2>Collection of Component Files used:</h2>
Build Time Elapsed:  00:00:10
</pre>
</body>
</html>
